Component: ARM Compiler 5.06 update 6 (build 750) Tool: armlink [4d35ed]

==============================================================================

Section Cross References

    stm32f10x_gpio.o(.text) refers to stm32f10x_rcc.o(.text) for RCC_APB2PeriphResetCmd
    stm32f10x_i2c.o(.text) refers to stm32f10x_rcc.o(.text) for RCC_APB1PeriphResetCmd
    stm32f10x_rcc.o(.text) refers to stm32f10x_rcc.o(.data) for .data
    stm32f10x_tim.o(.text) refers to stm32f10x_rcc.o(.text) for RCC_APB1PeriphResetCmd
    stm32f10x_usart.o(.text) refers to stm32f10x_rcc.o(.text) for RCC_APB2PeriphResetCmd
    stm32f10x_adc.o(.text) refers to stm32f10x_rcc.o(.text) for RCC_APB2PeriphResetCmd
    system_stm32f10x.o(.text) refers to system_stm32f10x.o(.data) for .data
    startup_stm32f10x_md.o(RESET) refers to startup_stm32f10x_md.o(STACK) for __initial_sp
    startup_stm32f10x_md.o(RESET) refers to startup_stm32f10x_md.o(.text) for Reset_Handler
    startup_stm32f10x_md.o(RESET) refers to stm32f10x_it.o(.text) for NMI_Handler
    startup_stm32f10x_md.o(RESET) refers to position.o(.text) for EXTI0_IRQHandler
    startup_stm32f10x_md.o(RESET) refers to usart_driver.o(.text) for DMA1_Channel3_IRQHandler
    startup_stm32f10x_md.o(RESET) refers to encoder.o(.text) for EXTI9_5_IRQHandler
    startup_stm32f10x_md.o(.text) refers to system_stm32f10x.o(.text) for SystemInit
    startup_stm32f10x_md.o(.text) refers to entry.o(.ARM.Collect$$$$00000000) for __main
    main.o(.text) refers to task_main.o(.text) for task_bsp_init
    stm32f10x_it.o(.text) refers to gw_tasks.o(.text) for gw_task_schedule
    stm32f10x_it.o(.text) refers to gw_fifo.o(.text) for gw_global_timer_add
    stm32f10x_it.o(.text) refers to gw_hal.o(.text) for gw_hal_dec
    stm32f10x_it.o(.text) refers to stm32f10x_adc.o(.text) for ADC_GetITStatus
    stm32f10x_it.o(.text) refers to current.o(.text) for set_inject_ia
    stm32f10x_it.o(.text) refers to user_state_machine.o(.text) for stm_get_cur_state
    stm32f10x_it.o(.text) refers to task_motor_control.o(.text) for task_motor_startup_05
    stm32f10x_it.o(.text) refers to task_motor_control.o(.bss) for foc_obj
    stm32f10x_it.o(.text) refers to user_state_machine.o(.bss) for motor_state
    user_config.o(.text) refers to pid_regulator.o(.text) for PID_HandleInit
    user_config.o(.text) refers to task_motor_control.o(.bss) for foc_obj
    motor_protocol.o(.text) refers to user_state_machine.o(.text) for stm_get_cur_state
    motor_protocol.o(.text) refers to user_config.o(.text) for soft_reset
    motor_protocol.o(.text) refers to task_motor_control.o(.text) for task_motor_pwm_enable
    motor_protocol.o(.text) refers to foc.o(.text) for foc_set_rpm_ref
    motor_protocol.o(.text) refers to motor_protocol.o(.bss) for .bss
    motor_protocol.o(.text) refers to user_state_machine.o(.bss) for motor_state
    motor_protocol.o(.text) refers to task_motor_control.o(.bss) for foc_obj
    user_banner.o(.text) refers to usart_driver.o(.text) for usart_printf
    user_banner.o(.text) refers to user_banner.o(.conststring) for .conststring
    svpwm_driver.o(.text) refers to stm32f10x_rcc.o(.text) for RCC_APB2PeriphClockCmd
    svpwm_driver.o(.text) refers to stm32f10x_gpio.o(.text) for GPIO_Init
    svpwm_driver.o(.text) refers to stm32f10x_tim.o(.text) for TIM_TimeBaseInit
    svpwm_module.o(.text) refers to svpwm_driver.o(.text) for pwm_init
    usart_driver.o(.text) refers to stm32f10x_usart.o(.text) for USART_SendData
    usart_driver.o(.text) refers to memseta.o(.text) for __aeabi_memclr4
    usart_driver.o(.text) refers to printfa.o(i.__0vsprintf) for vsprintf
    usart_driver.o(.text) refers to stm32f10x_rcc.o(.text) for RCC_AHBPeriphClockCmd
    usart_driver.o(.text) refers to stm32f10x_gpio.o(.text) for GPIO_Init
    usart_driver.o(.text) refers to misc.o(.text) for NVIC_Init
    usart_driver.o(.text) refers to stm32f10x_dma.o(.text) for DMA_DeInit
    usart_driver.o(.text) refers to usart_driver.o(.bss) for .bss
    gw_event.o(.text) refers to gw_msgs.o(.text) for gw_msg_init
    gw_event.o(.text) refers to gw_timer.o(.data) for global_timer
    gw_fifo.o(.text) refers to gw_timer.o(.text) for timer_add
    gw_fifo.o(.text) refers to gw_fifo.o(.bss) for .bss
    gw_fifo.o(.text) refers to gw_timer.o(.data) for global_timer
    gw_tasks.o(.text) refers to gw_list.o(.text) for gw_list_init
    gw_tasks.o(.text) refers to gw_event.o(.text) for gw_event_init
    gw_tasks.o(.text) refers to gw_msgs.o(.text) for gw_msg_init
    gw_tasks.o(.text) refers to gw_tasks.o(.data) for .data
    gw_tasks.o(.text) refers to gw_timer.o(.data) for global_timer
    gw_timer.o(.text) refers to gw_hal.o(.text) for hal_system_timer_config
    gw_msgs.o(.text) refers to gw_msgs.o(.bss) for .bss
    gw_list.o(.text) refers to malloc.o(i.malloc) for malloc
    gw_list.o(.text) refers to malloc.o(i.free) for free
    gw_hal.o(.text) refers to gw_hal.o(.data) for .data
[...]
    ..\..\..\Math\svpwm_math.c               0x00000000   Number         0  svpwm_math.o ABSOLUTE
    ..\..\..\Pid\pid_regulator.c             0x00000000   Number         0  pid_regulator.o ABSOLUTE
    ..\..\..\SVPWM\svpwm_driver.c            0x00000000   Number         0  svpwm_driver.o ABSOLUTE
    ..\..\..\SVPWM\svpwm_module.c            0x00000000   Number         0  svpwm_module.o ABSOLUTE
    ..\..\..\Task\task_display.c             0x00000000   Number         0  task_display.o ABSOLUTE
    ..\..\..\Task\task_key.c                 0x00000000   Number         0  task_key.o ABSOLUTE
    ..\..\..\Task\task_main.c                0x00000000   Number         0  task_main.o ABSOLUTE
    ..\..\..\Task\task_motor_control.c       0x00000000   Number         0  task_motor_control.o ABSOLUTE
    ..\..\..\Test\test_dispaly.c             0x00000000   Number         0  test_dispaly.o ABSOLUTE
    ..\..\..\Test\test_encoder.c             0x00000000   Number         0  test_encoder.o ABSOLUTE
    ..\..\..\Test\test_event.c               0x00000000   Number         0  test_event.o ABSOLUTE
    ..\..\..\Test\test_svpwm.c               0x00000000   Number         0  test_svpwm.o ABSOLUTE
    ..\..\..\Test\test_usart.c               0x00000000   Number         0  test_usart.o ABSOLUTE
    ..\..\..\Usart\usart_driver.c            0x00000000   Number         0  usart_driver.o ABSOLUTE
    ..\..\..\User\main.c                     0x00000000   Number         0  main.o ABSOLUTE
    ..\..\..\User\motor_protocol.c           0x00000000   Number         0  motor_protocol.o ABSOLUTE
    ..\..\..\User\stm32f10x_it.c             0x00000000   Number         0  stm32f10x_it.o ABSOLUTE
    ..\..\..\User\user_banner.c              0x00000000   Number         0  user_banner.o ABSOLUTE
    ..\..\..\User\user_config.c              0x00000000   Number         0  user_config.o ABSOLUTE
    ..\..\..\User\user_flash.c               0x00000000   Number         0  user_flash.o ABSOLUTE
    ..\..\..\User\user_state_machine.c       0x00000000   Number         0  user_state_machine.o ABSOLUTE
    ..\\..\\..\\Libraries\\CMSIS\\CM3\\CoreSupport\\core_cm3.c 0x00000000   Number         0  core_cm3.o ABSOLUTE
    cdrcmple.s                               0x00000000   Number         0  cdrcmple.o ABSOLUTE
    dc.s                                     0x00000000   Number         0  dc.o ABSOLUTE
    handlers.s                               0x00000000   Number         0  handlers.o ABSOLUTE
    init.s                                   0x00000000   Number         0  init.o ABSOLUTE
    RESET                                    0x08000000   Section      236  startup_stm32f10x_md.o(RESET)
    .ARM.Collect$$$$00000000                 0x080000ec   Section        0  entry.o(.ARM.Collect$$$$00000000)
    .ARM.Collect$$$$00000001                 0x080000ec   Section        4  entry2.o(.ARM.Collect$$$$00000001)
    .ARM.Collect$$$$00000004                 0x080000f0   Section        4  entry5.o(.ARM.Collect$$$$00000004)
    .ARM.Collect$$$$00000008                 0x080000f4   Section        0  entry7b.o(.ARM.Collect$$$$00000008)
    .ARM.Collect$$$$0000000A                 0x080000f4   Section        0  entry8b.o(.ARM.Collect$$$$0000000A)
    .ARM.Collect$$$$0000000B                 0x080000f4   Section        8  entry9a.o(.ARM.Collect$$$$0000000B)
    .ARM.Collect$$$$0000000D                 0x080000fc   Section        0  entry10a.o(.ARM.Collect$$$$0000000D)
    .ARM.Collect$$$$0000000F                 0x080000fc   Section        0  entry11a.o(.ARM.Collect$$$$0000000F)
    .ARM.Collect$$$$00002712                 0x080000fc   Section        4  entry2.o(.ARM.Collect$$$$00002712)
    __lit__00000000                          0x080000fc   Data           4  entry2.o(.ARM.Collect$$$$00002712)
    .text                                    0x08000100   Section        0  misc.o(.text)
    .text                                    0x080001b0   Section        0  stm32f10x_gpio.o(.text)
    .text                                    0x0800041c   Section        0  stm32f10x_rcc.o(.text)
    .text                                    0x080006e0   Section        0  stm32f10x_tim.o(.text)
    TI2_Config                               0x08000a73   Thumb Code   166  stm32f10x_tim.o(.text)
    TI1_Config                               0x08000b29   Thumb Code    88  stm32f10x_tim.o(.text)
    .text                                    0x080011d4   Section        0  stm32f10x_usart.o(.text)
    .text                                    0x080014fc   Section        0  stm32f10x_exti.o(.text)
    .text                                    0x080015e4   Section        0  stm32f10x_adc.o(.text)
    .text                                    0x08001914   Section        0  stm32f10x_dma.o(.text)
    .text                                    0x08001adc   Section        0  system_stm32f10x.o(.text)
    SetSysClockTo72                          0x08001add   Thumb Code   160  system_stm32f10x.o(.text)
    .text                                    0x08001c40   Section       36  startup_stm32f10x_md.o(.text)
    .text                                    0x08001c64   Section        0  main.o(.text)
    .text                                    0x08001c7c   Section        0  stm32f10x_it.o(.text)
    .text                                    0x08001d88   Section        0  user_state_machine.o(.text)
    ustm_set_next_state                      0x08001d89   Thumb Code     2  user_state_machine.o(.text)
    ustm_get_cur_state                       0x08001d8b   Thumb Code     4  user_state_machine.o(.text)
    .text                                    0x08001db0   Section        0  user_config.o(.text)
    .text                                    0x08001f6c   Section        0  motor_protocol.o(.text)
    process_basic_cmd                        0x08001fdd   Thumb Code   158  motor_protocol.o(.text)
    .text                                    0x08002088   Section        0  svpwm_driver.o(.text)
    .text                                    0x08002270   Section        0  svpwm_module.o(.text)
    .text                                    0x08002814   Section        0  usart_driver.o(.text)
    .text                                    0x08002a34   Section        0  gw_event.o(.text)
    .text                                    0x08002af0   Section        0  gw_fifo.o(.text)
    .text                                    0x08002c14   Section        0  gw_tasks.o(.text)
    .text                                    0x08002d78   Section        0  gw_timer.o(.text)
    .text                                    0x08002d94   Section        0  gw_msgs.o(.text)
    .text                                    0x08002f14   Section        0  gw_list.o(.text)
    .text                                    0x08003054   Section        0  gw_hal.o(.text)
    .text                                    0x080030b4   Section        0  current.o(.text)
    cur_fbk_get_ad_val                       0x080030b5   Thumb Code    40  current.o(.text)
    cur_fbk_adc_init                         0x080031ab   Thumb Code   166  current.o(.text)
    .text                                    0x0800325c   Section        0  position.o(.text)
    .text                                    0x080033b0   Section        0  encoder.o(.text)
    .text                                    0x08003744   Section        0  svpwm_math.o(.text)
    .text                                    0x080038bc   Section        0  pid_regulator.o(.text)
    .text                                    0x080039b8   Section        0  foc.o(.text)
    .text                                    0x08003d90   Section        0  task_motor_control.o(.text)
    task_motor_speed_loop                    0x080043a9   Thumb Code    52  task_motor_control.o(.text)
    task_motor_config                        0x080043dd   Thumb Code    82  task_motor_control.o(.text)
    .text                                    0x08004444   Section        0  task_main.o(.text)
    .text                                    0x080044a0   Section        0  ldiv.o(.text)
    .text                                    0x08004502   Section        0  memseta.o(.text)
    .text                                    0x08004526   Section        0  uidiv.o(.text)
    .text                                    0x08004552   Section        0  uldiv.o(.text)
    .text                                    0x080045b4   Section        0  iusefp.o(.text)
    .text                                    0x080045b4   Section        0  dadd.o(.text)
    .text                                    0x08004702   Section        0  dmul.o(.text)
    .text                                    0x080047e6   Section        0  ddiv.o(.text)
    .text                                    0x080048c4   Section        0  dfixul.o(.text)
    .text                                    0x080048f4   Section       48  cdrcmple.o(.text)
    .text                                    0x08004924   Section       36  init.o(.text)
    .text                                    0x08004948   Section        0  llshl.o(.text)
    .text                                    0x08004966   Section        0  llushr.o(.text)
    .text                                    0x08004986   Section        0  llsshr.o(.text)
    .text                                    0x080049aa   Section        0  depilogue.o(.text)
    i.__0printf                              0x08004a64   Section        0  printfa.o(i.__0printf)
    i.__0vsprintf                            0x08004a84   Section        0  printfa.o(i.__0vsprintf)
    i.__scatterload_copy                     0x08004aa8   Section       14  handlers.o(i.__scatterload_copy)
    i.__scatterload_null                     0x08004ab6   Section        2  handlers.o(i.__scatterload_null)
    i.__scatterload_zeroinit                 0x08004ab8   Section       14  handlers.o(i.__scatterload_zeroinit)
    i._fp_digits                             0x08004ac8   Section        0  printfa.o(i._fp_digits)
    _fp_digits                               0x08004ac9   Thumb Code   366  printfa.o(i._fp_digits)
    i._printf_core                           0x08004c4c   Section        0  printfa.o(i._printf_core)
    _printf_core                             0x08004c4d   Thumb Code  1744  printfa.o(i._printf_core)
    i._printf_post_padding                   0x08005328   Section        0  printfa.o(i._printf_post_padding)
    _printf_post_padding                     0x08005329   Thumb Code    36  printfa.o(i._printf_post_padding)
    i._printf_pre_padding                    0x0800534c   Section        0  printfa.o(i._printf_pre_padding)
    _printf_pre_padding                      0x0800534d   Thumb Code    46  printfa.o(i._printf_pre_padding)
    i._sputc                                 0x0800537a   Section        0  printfa.o(i._sputc)
    _sputc                                   0x0800537b   Thumb Code    10  printfa.o(i._sputc)
    i.free                                   0x08005384   Section        0  malloc.o(i.free)
    i.malloc                                 0x080053d4   Section        0  malloc.o(i.malloc)
    i.set_up_current                         0x08005440   Section        0  foc.o(i.set_up_current)
    .constdata                               0x0800544e   Section      512  svpwm_math.o(.constdata)
    .data                                    0x20000000   Section       20  stm32f10x_rcc.o(.data)
    ADCPrescTable                            0x20000000   Data           4  stm32f10x_rcc.o(.data)
    APBAHBPrescTable                         0x20000004   Data          16  stm32f10x_rcc.o(.data)
    .data                                    0x20000014   Section       20  system_stm32f10x.o(.data)
    .data                                    0x20000028   Section        4  gw_tasks.o(.data)
    ptask_list                               0x20000028   Data           4  gw_tasks.o(.data)
    .data                                    0x2000002c   Section        4  gw_timer.o(.data)
    .data                                    0x20000030   Section        4  gw_hal.o(.data)
    .data                                    0x20000034   Section       12  current.o(.data)
    .data                                    0x20000040   Section        8  position.o(.data)
    .data                                    0x20000048   Section       40  encoder.o(.data)
    bIs_First_Measurement                    0x20000049   Data           1  encoder.o(.data)
    index                                    0x2000004a   Data           1  encoder.o(.data)
    hEncoder_Timer_Overflow                  0x20000052   Data           2  encoder.o(.data)
    .data                                    0x20000070   Section        2  foc.o(.data)
    cnt                                      0x20000070   Data           2  foc.o(.data)
    .data                                    0x20000072   Section       26  task_motor_control.o(.data)
    time_cnt                                 0x20000080   Data           2  task_motor_control.o(.data)
    cnt                                      0x20000082   Data           2  task_motor_control.o(.data)
    cnt                                      0x20000084   Data           2  task_motor_control.o(.data)
    cnt                                      0x20000086   Data           2  task_motor_control.o(.data)
    cnt                                      0x20000088   Data           2  task_motor_control.o(.data)
    cnt                                      0x2000008a   Data           2  task_motor_control.o(.data)
    .data                                    0x2000008c   Section        4  stdout.o(.data)
    .data                                    0x20000090   Section        4  mvars.o(.data)
    .data                                    0x20000094   Section        4  mvars.o(.data)
    .bss                                     0x20000098   Section       16  user_state_machine.o(.bss)
    .bss                                     0x200000a8   Section       16  motor_protocol.o(.bss)
    .bss                                     0x200000b8   Section       64  usart_driver.o(.bss)
    USART_InitStructure                      0x200000e8   Data          16  usart_driver.o(.bss)
    .bss                                     0x200000f8   Section      144  gw_fifo.o(.bss)
    .bss                                     0x20000188   Section       88  gw_msgs.o(.bss)
    .bss                                     0x200001e0   Section       14  encoder.o(.bss)
    hSpeed_Buffer                            0x200001e0   Data          14  encoder.o(.bss)
    .bss                                     0x200001f0   Section      292  task_motor_control.o(.bss)
    HEAP                                     0x20000318   Section     2048  startup_stm32f10x_md.o(HEAP)
    STACK                                    0x20000b18   Section     5120  startup_stm32f10x_md.o(STACK)

    Global Symbols

    Symbol Name                              Value     Ov Type        Size  Object(Section)

    BuildAttributes$$THM_ISAv4$P$D$K$B$S$PE$A:L22UL41UL21$X:L11$S22US41US21$IEEE1$IW$USESV6$~STKCKD$USESV7$~SHL$OSPACE$ROPI$EBA8$MICROLIB$REQ8$PRES8$EABIv2 0x00000000   Number         0  anon$$obj.o ABSOLUTE
    __ARM_use_no_argv                        0x00000000   Number         0  main.o ABSOLUTE
    _printf_a                                0x00000000   Number         0  stubs.o ABSOLUTE
    _printf_c                                0x00000000   Number         0  stubs.o ABSOLUTE
    _printf_charcount                        0x00000000   Number         0  stubs.o ABSOLUTE
    _printf_d                                0x00000000   Number         0  stubs.o ABSOLUTE
    _printf_e                                0x00000000   Number         0  stubs.o ABSOLUTE
    _printf_f                                0x00000000   Number         0  stubs.o ABSOLUTE
    _printf_flags                            0x00000000   Number         0  stubs.o ABSOLUTE
    _printf_fp_dec                           0x00000000   Number         0  stubs.o ABSOLUTE
    _printf_fp_hex                           0x00000000   Number         0  stubs.o ABSOLUTE
    _printf_g                                0x00000000   Number         0  stubs.o ABSOLUTE
    _printf_i                                0x00000000   Number         0  stubs.o ABSOLUTE
    _printf_int_dec                          0x00000000   Number         0  stubs.o ABSOLUTE
    _printf_l                                0x00000000   Number         0  stubs.o ABSOLUTE
    _printf_lc                               0x00000000   Number         0  stubs.o ABSOLUTE
    _printf_ll                               0x00000000   Number         0  stubs.o ABSOLUTE
    _printf_lld                              0x00000000   Number         0  stubs.o ABSOLUTE
    _printf_lli                              0x00000000   Number         0  stubs.o ABSOLUTE
    _printf_llo                              0x00000000   Number         0  stubs.o ABSOLUTE
    _printf_llu                              0x00000000   Number         0  stubs.o ABSOLUTE
    _printf_llx                              0x00000000   Number         0  stubs.o ABSOLUTE
    _printf_longlong_dec                     0x00000000   Number         0  stubs.o ABSOLUTE
    _printf_longlong_hex                     0x00000000   Number         0  stubs.o ABSOLUTE
    _printf_longlong_oct                     0x00000000   Number         0  stubs.o ABSOLUTE
    _printf_ls                               0x00000000   Number         0  stubs.o ABSOLUTE
    _printf_mbtowc                           0x00000000   Number         0  stubs.o ABSOLUTE
    _printf_n                                0x00000000   Number         0  stubs.o ABSOLUTE
    _printf_o                                0x00000000   Number         0  stubs.o ABSOLUTE
    _printf_p                                0x00000000   Number         0  stubs.o ABSOLUTE
    _printf_percent                          0x00000000   Number         0  stubs.o ABSOLUTE
    _printf_pre_padding                      0x00000000   Number         0  stubs.o ABSOLUTE
    _printf_return_value                     0x00000000   Number         0  stubs.o ABSOLUTE
    _printf_s                                0x00000000   Number         0  stubs.o ABSOLUTE
    _printf_sizespec                         0x00000000   Number         0  stubs.o ABSOLUTE
    _printf_str                              0x00000000   Number         0  stubs.o ABSOLUTE
    _printf_truncate_signed                  0x00000000   Number         0  stubs.o ABSOLUTE
    _printf_truncate_unsigned                0x00000000   Number         0  stubs.o ABSOLUTE
    _printf_u                                0x00000000   Number         0  stubs.o ABSOLUTE
    _printf_wc                               0x00000000   Number         0  stubs.o ABSOLUTE
    _printf_wctomb                           0x00000000   Number         0  stubs.o ABSOLUTE
    _printf_widthprec                        0x00000000   Number         0  stubs.o ABSOLUTE
    _printf_x                                0x00000000   Number         0  stubs.o ABSOLUTE
    __cpp_initialize__aeabi_                  - Undefined Weak Reference
    __cxa_finalize                            - Undefined Weak Reference
    __decompress                              - Undefined Weak Reference
    _clock_init                               - Undefined Weak Reference
    _microlib_exit                            - Undefined Weak Reference
    __Vectors_Size                           0x000000ec   Number         0  startup_stm32f10x_md.o ABSOLUTE
    __Vectors                                0x08000000   Data           4  startup_stm32f10x_md.o(RESET)
    __Vectors_End                            0x080000ec   Data           0  startup_stm32f10x_md.o(RESET)
    __main                                   0x080000ed   Thumb Code     0  entry.o(.ARM.Collect$$$$00000000)
    _main_stk                                0x080000ed   Thumb Code     0  entry2.o(.ARM.Collect$$$$00000001)
    _main_scatterload                        0x080000f1   Thumb Code     0  entry5.o(.ARM.Collect$$$$00000004)
    __main_after_scatterload                 0x080000f5   Thumb Code     0  entry5.o(.ARM.Collect$$$$00000004)
    _main_clock                              0x080000f5   Thumb Code     0  entry7b.o(.ARM.Collect$$$$00000008)
    _main_cpp_init                           0x080000f5   Thumb Code     0  entry8b.o(.ARM.Collect$$$$0000000A)
    _main_init                               0x080000f5   Thumb Code     0  entry9a.o(.ARM.Collect$$$$0000000B)
    __rt_final_cpp                           0x080000fd   Thumb Code     0  entry10a.o(.ARM.Collect$$$$0000000D)
    __rt_final_exit                          0x080000fd   Thumb Code     0  entry11a.o(.ARM.Collect$$$$0000000F)
    NVIC_PriorityGroupConfig                 0x08000101   Thumb Code    10  misc.o(.text)
    NVIC_Init                                0x0800010b   Thumb Code    94  misc.o(.text)
    NVIC_SetVectorTable                      0x08000169   Thumb Code    14  misc.o(.text)
    NVIC_SystemLPConfig                      0x08000177   Thumb Code    20  misc.o(.text)
    SysTick_CLKSourceConfig                  0x0800018b   Thumb Code    24  misc.o(.text)
    GPIO_DeInit                              0x080001b1   Thumb Code   152  stm32f10x_gpio.o(.text)
    GPIO_AFIODeInit                          0x08000249   Thumb Code    22  stm32f10x_gpio.o(.text)
    GPIO_Init                                0x0800025f   Thumb Code   164  stm32f10x_gpio.o(.text)
    GPIO_StructInit                          0x08000303   Thumb Code    16  stm32f10x_gpio.o(.text)
    GPIO_ReadInputDataBit                    0x08000313   Thumb Code    14  stm32f10x_gpio.o(.text)
    GPIO_ReadInputData                       0x08000321   Thumb Code     6  stm32f10x_gpio.o(.text)
    GPIO_ReadOutputDataBit                   0x08000327   Thumb Code    14  stm32f10x_gpio.o(.text)
    GPIO_ReadOutputData                      0x08000335   Thumb Code     6  stm32f10x_gpio.o(.text)
    GPIO_SetBits                             0x0800033b   Thumb Code     4  stm32f10x_gpio.o(.text)
    GPIO_ResetBits                           0x0800033f   Thumb Code     4  stm32f10x_gpio.o(.text)
    GPIO_WriteBit                            0x08000343   Thumb Code    10  stm32f10x_gpio.o(.text)
    GPIO_Write                               0x0800034d   Thumb Code     4  stm32f10x_gpio.o(.text)
    GPIO_PinLockConfig                       0x08000351   Thumb Code    16  stm32f10x_gpio.o(.text)
    GPIO_EventOutputConfig                   0x08000361   Thumb Code    22  stm32f10x_gpio.o(.text)
    GPIO_EventOutputCmd                      0x08000377   Thumb Code     6  stm32f10x_gpio.o(.text)
    GPIO_PinRemapConfig                      0x0800037d   Thumb Code    82  stm32f10x_gpio.o(.text)
    GPIO_EXTILineConfig                      0x080003cf   Thumb Code    34  stm32f10x_gpio.o(.text)
    GPIO_ETH_MediaInterfaceConfig            0x080003f1   Thumb Code     8  stm32f10x_gpio.o(.text)
    RCC_DeInit                               0x0800041d   Thumb Code    50  stm32f10x_rcc.o(.text)
    RCC_HSEConfig                            0x0800044f   Thumb Code    48  stm32f10x_rcc.o(.text)
    RCC_GetFlagStatus                        0x0800047f   Thumb Code    42  stm32f10x_rcc.o(.text)
    RCC_WaitForHSEStartUp                    0x080004a9   Thumb Code    44  stm32f10x_rcc.o(.text)
    RCC_AdjustHSICalibrationValue            0x080004d5   Thumb Code    16  stm32f10x_rcc.o(.text)
    RCC_HSICmd                               0x080004e5   Thumb Code     6  stm32f10x_rcc.o(.text)
    RCC_PLLConfig                            0x080004eb   Thumb Code    16  stm32f10x_rcc.o(.text)
    RCC_PLLCmd                               0x080004fb   Thumb Code     6  stm32f10x_rcc.o(.text)
    RCC_SYSCLKConfig                         0x08000501   Thumb Code    14  stm32f10x_rcc.o(.text)
    RCC_GetSYSCLKSource                      0x0800050f   Thumb Code    10  stm32f10x_rcc.o(.text)
    RCC_HCLKConfig                           0x08000519   Thumb Code    14  stm32f10x_rcc.o(.text)
    RCC_PCLK1Config                          0x08000527   Thumb Code    14  stm32f10x_rcc.o(.text)
    RCC_PCLK2Config                          0x08000535   Thumb Code    16  stm32f10x_rcc.o(.text)
    RCC_ITConfig                             0x08000545   Thumb Code    18  stm32f10x_rcc.o(.text)
    RCC_USBCLKConfig                         0x08000557   Thumb Code     8  stm32f10x_rcc.o(.text)
    RCC_ADCCLKConfig                         0x0800055f   Thumb Code    14  stm32f10x_rcc.o(.text)
    RCC_LSEConfig                            0x0800056d   Thumb Code    28  stm32f10x_rcc.o(.text)
    RCC_LSICmd                               0x08000589   Thumb Code     6  stm32f10x_rcc.o(.text)
    RCC_RTCCLKConfig                         0x0800058f   Thumb Code    10  stm32f10x_rcc.o(.text)
    RCC_RTCCLKCmd                            0x08000599   Thumb Code     8  stm32f10x_rcc.o(.text)
    RCC_GetClocksFreq                        0x080005a1   Thumb Code   140  stm32f10x_rcc.o(.text)
    RCC_AHBPeriphClockCmd                    0x0800062d   Thumb Code    18  stm32f10x_rcc.o(.text)
    RCC_APB2PeriphClockCmd                   0x0800063f   Thumb Code    18  stm32f10x_rcc.o(.text)
    RCC_APB1PeriphClockCmd                   0x08000651   Thumb Code    18  stm32f10x_rcc.o(.text)
    RCC_APB2PeriphResetCmd                   0x08000663   Thumb Code    18  stm32f10x_rcc.o(.text)
    RCC_APB1PeriphResetCmd                   0x08000675   Thumb Code    18  stm32f10x_rcc.o(.text)
    RCC_BackupResetCmd                       0x08000687   Thumb Code     8  stm32f10x_rcc.o(.text)
    RCC_ClockSecuritySystemCmd               0x0800068f   Thumb Code     6  stm32f10x_rcc.o(.text)
    RCC_MCOConfig                            0x08000695   Thumb Code     6  stm32f10x_rcc.o(.text)
    RCC_ClearFlag                            0x0800069b   Thumb Code    12  stm32f10x_rcc.o(.text)
    RCC_GetITStatus                          0x080006a7   Thumb Code    16  stm32f10x_rcc.o(.text)
    RCC_ClearITPendingBit                    0x080006b7   Thumb Code     6  stm32f10x_rcc.o(.text)
    TIM_DeInit                               0x080006e1   Thumb Code   304  stm32f10x_tim.o(.text)
    TIM_TimeBaseInit                         0x08000811   Thumb Code   114  stm32f10x_tim.o(.text)
    TIM_OC1Init                              0x08000883   Thumb Code   106  stm32f10x_tim.o(.text)
    TIM_OC2Init                              0x080008ed   Thumb Code   120  stm32f10x_tim.o(.text)
    TIM_OC3Init                              0x08000965   Thumb Code   116  stm32f10x_tim.o(.text)
    TIM_OC4Init                              0x080009d9   Thumb Code    90  stm32f10x_tim.o(.text)
    TIM_SetIC4Prescaler                      0x08000a33   Thumb Code    24  stm32f10x_tim.o(.text)
    TIM_SetIC3Prescaler                      0x08000a4b   Thumb Code    16  stm32f10x_tim.o(.text)
    TIM_SetIC2Prescaler                      0x08000a5b   Thumb Code    24  stm32f10x_tim.o(.text)
    TIM_SetIC1Prescaler                      0x08000b19   Thumb Code    16  stm32f10x_tim.o(.text)
    TIM_ICInit                               0x08000b81   Thumb Code   272  stm32f10x_tim.o(.text)
    TIM_PWMIConfig                           0x08000c91   Thumb Code   104  stm32f10x_tim.o(.text)
    TIM_BDTRConfig                           0x08000cf9   Thumb Code    34  stm32f10x_tim.o(.text)
    TIM_TimeBaseStructInit                   0x08000d1b   Thumb Code    18  stm32f10x_tim.o(.text)
    TIM_OCStructInit                         0x08000d2d   Thumb Code    20  stm32f10x_tim.o(.text)
    TIM_ICStructInit                         0x08000d41   Thumb Code    16  stm32f10x_tim.o(.text)
    TIM_BDTRStructInit                       0x08000d51   Thumb Code    18  stm32f10x_tim.o(.text)
    TIM_Cmd                                  0x08000d63   Thumb Code    20  stm32f10x_tim.o(.text)
    TIM_CtrlPWMOutputs                       0x08000d77   Thumb Code    22  stm32f10x_tim.o(.text)
    TIM_ITConfig                             0x08000d8d   Thumb Code    16  stm32f10x_tim.o(.text)
    TIM_GenerateEvent                        0x08000d9d   Thumb Code     4  stm32f10x_tim.o(.text)
    TIM_DMAConfig                            0x08000da1   Thumb Code     8  stm32f10x_tim.o(.text)
    TIM_DMACmd                               0x08000da9   Thumb Code    16  stm32f10x_tim.o(.text)
    TIM_InternalClockConfig                  0x08000db9   Thumb Code    10  stm32f10x_tim.o(.text)
    TIM_SelectInputTrigger                   0x08000dc3   Thumb Code    12  stm32f10x_tim.o(.text)
    TIM_ITRxExternalClockConfig              0x08000dcf   Thumb Code    18  stm32f10x_tim.o(.text)
    TIM_TIxExternalClockConfig               0x08000de1   Thumb Code    46  stm32f10x_tim.o(.text)
    TIM_ETRConfig                            0x08000e0f   Thumb Code    24  stm32f10x_tim.o(.text)
    TIM_ETRClockMode1Config                  0x08000e27   Thumb Code    18  stm32f10x_tim.o(.text)
    TIM_ETRClockMode2Config                  0x08000e39   Thumb Code    18  stm32f10x_tim.o(.text)
    TIM_PrescalerConfig                      0x08000e4b   Thumb Code     6  stm32f10x_tim.o(.text)
    TIM_CounterModeConfig                    0x08000e51   Thumb Code    12  stm32f10x_tim.o(.text)
    TIM_EncoderInterfaceConfig               0x08000e5d   Thumb Code    50  stm32f10x_tim.o(.text)
    TIM_ForcedOC1Config                      0x08000e8f   Thumb Code    12  stm32f10x_tim.o(.text)
    TIM_ForcedOC2Config                      0x08000e9b   Thumb Code    20  stm32f10x_tim.o(.text)
    TIM_ForcedOC3Config                      0x08000eaf   Thumb Code    12  stm32f10x_tim.o(.text)
    TIM_ForcedOC4Config                      0x08000ebb   Thumb Code    20  stm32f10x_tim.o(.text)
    TIM_ARRPreloadConfig                     0x08000ecf   Thumb Code    20  stm32f10x_tim.o(.text)
    TIM_SelectCOM                            0x08000ee3   Thumb Code    20  stm32f10x_tim.o(.text)
    TIM_SelectCCDMA                          0x08000ef7   Thumb Code    20  stm32f10x_tim.o(.text)
    TIM_CCPreloadControl                     0x08000f0b   Thumb Code    20  stm32f10x_tim.o(.text)
    TIM_OC1PreloadConfig                     0x08000f1f   Thumb Code    34  stm32f10x_tim.o(.text)
    TIM_OC2PreloadConfig                     0x08000f41   Thumb Code    20  stm32f10x_tim.o(.text)
    TIM_OC3PreloadConfig                     0x08000f55   Thumb Code    12  stm32f10x_tim.o(.text)
    TIM_OC4PreloadConfig                     0x08000f61   Thumb Code    20  stm32f10x_tim.o(.text)
    TIM_OC1FastConfig                        0x08000f75   Thumb Code    12  stm32f10x_tim.o(.text)
    TIM_OC2FastConfig                        0x08000f81   Thumb Code    20  stm32f10x_tim.o(.text)
    TIM_OC3FastConfig                        0x08000f95   Thumb Code    12  stm32f10x_tim.o(.text)
    TIM_OC4FastConfig                        0x08000fa1   Thumb Code    20  stm32f10x_tim.o(.text)
    TIM_ClearOC1Ref                          0x08000fb5   Thumb Code    12  stm32f10x_tim.o(.text)
    TIM_ClearOC2Ref                          0x08000fc1   Thumb Code    20  stm32f10x_tim.o(.text)
    TIM_ClearOC3Ref                          0x08000fd5   Thumb Code    12  stm32f10x_tim.o(.text)
    TIM_ClearOC4Ref                          0x08000fe1   Thumb Code    20  stm32f10x_tim.o(.text)
    TIM_OC1PolarityConfig                    0x08000ff5   Thumb Code    12  stm32f10x_tim.o(.text)
    TIM_OC1NPolarityConfig                   0x08001001   Thumb Code    12  stm32f10x_tim.o(.text)
    TIM_OC2PolarityConfig                    0x0800100d   Thumb Code    20  stm32f10x_tim.o(.text)
    TIM_OC2NPolarityConfig                   0x08001021   Thumb Code    20  stm32f10x_tim.o(.text)
    TIM_OC3PolarityConfig                    0x08001035   Thumb Code    20  stm32f10x_tim.o(.text)
    TIM_OC3NPolarityConfig                   0x08001049   Thumb Code    20  stm32f10x_tim.o(.text)
    TIM_OC4PolarityConfig                    0x0800105d   Thumb Code    20  stm32f10x_tim.o(.text)
    TIM_CCxCmd                               0x08001071   Thumb Code    22  stm32f10x_tim.o(.text)
    TIM_CCxNCmd                              0x08001087   Thumb Code    22  stm32f10x_tim.o(.text)
    TIM_SelectOCxM                           0x0800109d   Thumb Code    70  stm32f10x_tim.o(.text)
    TIM_UpdateDisableConfig                  0x080010e3   Thumb Code    20  stm32f10x_tim.o(.text)
    TIM_UpdateRequestConfig                  0x080010f7   Thumb Code    20  stm32f10x_tim.o(.text)
    TIM_SelectHallSensor                     0x0800110b   Thumb Code    20  stm32f10x_tim.o(.text)
    TIM_SelectOnePulseMode                   0x0800111f   Thumb Code    16  stm32f10x_tim.o(.text)
    TIM_SelectOutputTrigger                  0x0800112f   Thumb Code    16  stm32f10x_tim.o(.text)
    TIM_SelectSlaveMode                      0x0800113f   Thumb Code    16  stm32f10x_tim.o(.text)
    TIM_SelectMasterSlaveMode                0x0800114f   Thumb Code    16  stm32f10x_tim.o(.text)
    TIM_SetCounter                           0x0800115f   Thumb Code     4  stm32f10x_tim.o(.text)
    TIM_SetAutoreload                        0x08001163   Thumb Code     4  stm32f10x_tim.o(.text)
    TIM_SetCompare1                          0x08001167   Thumb Code     4  stm32f10x_tim.o(.text)
    TIM_SetCompare2                          0x0800116b   Thumb Code     4  stm32f10x_tim.o(.text)
    TIM_SetCompare3                          0x0800116f   Thumb Code     4  stm32f10x_tim.o(.text)
    TIM_SetCompare4                          0x08001173   Thumb Code     6  stm32f10x_tim.o(.text)
    TIM_SetClockDivision                     0x08001179   Thumb Code    16  stm32f10x_tim.o(.text)
    TIM_GetCapture1                          0x08001189   Thumb Code     4  stm32f10x_tim.o(.text)
    TIM_GetCapture2                          0x0800118d   Thumb Code     4  stm32f10x_tim.o(.text)
    TIM_GetCapture3                          0x08001191   Thumb Code     4  stm32f10x_tim.o(.text)
    TIM_GetCapture4                          0x08001195   Thumb Code     6  stm32f10x_tim.o(.text)
    TIM_GetCounter                           0x0800119b   Thumb Code     4  stm32f10x_tim.o(.text)
    TIM_GetPrescaler                         0x0800119f   Thumb Code     4  stm32f10x_tim.o(.text)
    TIM_GetFlagStatus                        0x080011a3   Thumb Code    14  stm32f10x_tim.o(.text)
    TIM_ClearFlag                            0x080011b1   Thumb Code     6  stm32f10x_tim.o(.text)
    TIM_GetITStatus                          0x080011b7   Thumb Code    24  stm32f10x_tim.o(.text)
    TIM_ClearITPendingBit                    0x080011cf   Thumb Code     6  stm32f10x_tim.o(.text)
    USART_DeInit                             0x080011d5   Thumb Code    96  stm32f10x_usart.o(.text)
    USART_Init                               0x08001235   Thumb Code   166  stm32f10x_usart.o(.text)
    USART_StructInit                         0x080012db   Thumb Code    22  stm32f10x_usart.o(.text)
    USART_ClockInit                          0x080012f1   Thumb Code    30  stm32f10x_usart.o(.text)
    USART_ClockStructInit                    0x0800130f   Thumb Code    12  stm32f10x_usart.o(.text)
    USART_Cmd                                0x0800131b   Thumb Code    20  stm32f10x_usart.o(.text)
    USART_ITConfig                           0x0800132f   Thumb Code    48  stm32f10x_usart.o(.text)
    USART_DMACmd                             0x0800135f   Thumb Code    16  stm32f10x_usart.o(.text)
    USART_SetAddress                         0x0800136f   Thumb Code    16  stm32f10x_usart.o(.text)
    USART_WakeUpConfig                       0x0800137f   Thumb Code    16  stm32f10x_usart.o(.text)
    USART_ReceiverWakeUpCmd                  0x0800138f   Thumb Code    20  stm32f10x_usart.o(.text)
    USART_LINBreakDetectLengthConfig         0x080013a3   Thumb Code    16  stm32f10x_usart.o(.text)
    USART_LINCmd                             0x080013b3   Thumb Code    20  stm32f10x_usart.o(.text)
    USART_SendData                           0x080013c7   Thumb Code     8  stm32f10x_usart.o(.text)
    USART_ReceiveData                        0x080013cf   Thumb Code     8  stm32f10x_usart.o(.text)
    USART_SendBreak                          0x080013d7   Thumb Code    10  stm32f10x_usart.o(.text)
    USART_SetGuardTime                       0x080013e1   Thumb Code    16  stm32f10x_usart.o(.text)
    USART_SetPrescaler                       0x080013f1   Thumb Code    16  stm32f10x_usart.o(.text)
    USART_SmartCardCmd                       0x08001401   Thumb Code    20  stm32f10x_usart.o(.text)
    USART_SmartCardNACKCmd                   0x08001415   Thumb Code    20  stm32f10x_usart.o(.text)
    USART_HalfDuplexCmd                      0x08001429   Thumb Code    20  stm32f10x_usart.o(.text)
    USART_OverSampling8Cmd                   0x0800143d   Thumb Code    20  stm32f10x_usart.o(.text)
    USART_OneBitMethodCmd                    0x08001451   Thumb Code    20  stm32f10x_usart.o(.text)
    USART_IrDAConfig                         0x08001465   Thumb Code    16  stm32f10x_usart.o(.text)
    USART_IrDACmd                            0x08001475   Thumb Code    20  stm32f10x_usart.o(.text)
    USART_GetFlagStatus                      0x08001489   Thumb Code    14  stm32f10x_usart.o(.text)
    USART_ClearFlag                          0x08001497   Thumb Code     6  stm32f10x_usart.o(.text)
    USART_GetITStatus                        0x0800149d   Thumb Code    62  stm32f10x_usart.o(.text)
    USART_ClearITPendingBit                  0x080014db   Thumb Code    12  stm32f10x_usart.o(.text)
    EXTI_DeInit                              0x080014fd   Thumb Code    28  stm32f10x_exti.o(.text)
    EXTI_Init                                0x08001519   Thumb Code   108  stm32f10x_exti.o(.text)
    EXTI_StructInit                          0x08001585   Thumb Code    14  stm32f10x_exti.o(.text)
    EXTI_GenerateSWInterrupt                 0x08001593   Thumb Code    12  stm32f10x_exti.o(.text)
    EXTI_GetFlagStatus                       0x0800159f   Thumb Code    18  stm32f10x_exti.o(.text)
    EXTI_ClearFlag                           0x080015b1   Thumb Code     8  stm32f10x_exti.o(.text)
    EXTI_GetITStatus                         0x080015b9   Thumb Code    28  stm32f10x_exti.o(.text)
    EXTI_ClearITPendingBit                   0x080015d5   Thumb Code     8  stm32f10x_exti.o(.text)
    ADC_DeInit                               0x080015e5   Thumb Code    56  stm32f10x_adc.o(.text)
    ADC_Init                                 0x0800161d   Thumb Code    62  stm32f10x_adc.o(.text)
    ADC_StructInit                           0x0800165b   Thumb Code    18  stm32f10x_adc.o(.text)
    ADC_Cmd                                  0x0800166d   Thumb Code    20  stm32f10x_adc.o(.text)
    ADC_DMACmd                               0x08001681   Thumb Code    20  stm32f10x_adc.o(.text)
    ADC_ITConfig                             0x08001695   Thumb Code    18  stm32f10x_adc.o(.text)
    ADC_ResetCalibration                     0x080016a7   Thumb Code    10  stm32f10x_adc.o(.text)
    ADC_GetResetCalibrationStatus            0x080016b1   Thumb Code    14  stm32f10x_adc.o(.text)
    ADC_StartCalibration                     0x080016bf   Thumb Code    10  stm32f10x_adc.o(.text)
    ADC_GetCalibrationStatus                 0x080016c9   Thumb Code    14  stm32f10x_adc.o(.text)
    ADC_SoftwareStartConvCmd                 0x080016d7   Thumb Code    20  stm32f10x_adc.o(.text)
    ADC_GetSoftwareStartConvStatus           0x080016eb   Thumb Code    14  stm32f10x_adc.o(.text)
    ADC_DiscModeChannelCountConfig           0x080016f9   Thumb Code    16  stm32f10x_adc.o(.text)
    ADC_DiscModeCmd                          0x08001709   Thumb Code    20  stm32f10x_adc.o(.text)
    ADC_RegularChannelConfig                 0x0800171d   Thumb Code   116  stm32f10x_adc.o(.text)
    ADC_ExternalTrigConvCmd                  0x08001791   Thumb Code    20  stm32f10x_adc.o(.text)
    ADC_GetConversionValue                   0x080017a5   Thumb Code     6  stm32f10x_adc.o(.text)
    ADC_GetDualModeConversionValue           0x080017ab   Thumb Code     8  stm32f10x_adc.o(.text)
    ADC_AutoInjectedConvCmd                  0x080017b3   Thumb Code    20  stm32f10x_adc.o(.text)
    ADC_InjectedDiscModeCmd                  0x080017c7   Thumb Code    20  stm32f10x_adc.o(.text)
    ADC_ExternalTrigInjectedConvConfig       0x080017db   Thumb Code    12  stm32f10x_adc.o(.text)
    ADC_ExternalTrigInjectedConvCmd          0x080017e7   Thumb Code    20  stm32f10x_adc.o(.text)
    ADC_SoftwareStartInjectedConvCmd         0x080017fb   Thumb Code    20  stm32f10x_adc.o(.text)
    ADC_GetSoftwareStartInjectedConvCmdStatus 0x0800180f   Thumb Code    14  stm32f10x_adc.o(.text)
    ADC_InjectedChannelConfig                0x0800181d   Thumb Code    74  stm32f10x_adc.o(.text)
    ADC_InjectedSequencerLengthConfig        0x08001867   Thumb Code    16  stm32f10x_adc.o(.text)
    ADC_SetInjectedOffset                    0x08001877   Thumb Code    10  stm32f10x_adc.o(.text)
    ADC_GetInjectedConversionValue           0x08001881   Thumb Code    14  stm32f10x_adc.o(.text)
    ADC_AnalogWatchdogCmd                    0x0800188f   Thumb Code    12  stm32f10x_adc.o(.text)
    ADC_AnalogWatchdogThresholdsConfig       0x0800189b   Thumb Code     6  stm32f10x_adc.o(.text)
    ADC_AnalogWatchdogSingleChannelConfig    0x080018a1   Thumb Code    12  stm32f10x_adc.o(.text)
    ADC_TempSensorVrefintCmd                 0x080018ad   Thumb Code    24  stm32f10x_adc.o(.text)
    ADC_GetFlagStatus                        0x080018c5   Thumb Code    14  stm32f10x_adc.o(.text)
    ADC_ClearFlag                            0x080018d3   Thumb Code     6  stm32f10x_adc.o(.text)
    ADC_GetITStatus                          0x080018d9   Thumb Code    28  stm32f10x_adc.o(.text)
    ADC_ClearITPendingBit                    0x080018f5   Thumb Code     8  stm32f10x_adc.o(.text)
    DMA_DeInit                               0x08001915   Thumb Code   218  stm32f10x_dma.o(.text)
    DMA_Init                                 0x080019ef   Thumb Code    58  stm32f10x_dma.o(.text)
    DMA_StructInit                           0x08001a29   Thumb Code    26  stm32f10x_dma.o(.text)
    DMA_Cmd                                  0x08001a43   Thumb Code    22  stm32f10x_dma.o(.text)
    DMA_ITConfig                             0x08001a59   Thumb Code    16  stm32f10x_dma.o(.text)
    DMA_SetCurrDataCounter                   0x08001a69   Thumb Code     4  stm32f10x_dma.o(.text)
    DMA_GetCurrDataCounter                   0x08001a6d   Thumb Code     6  stm32f10x_dma.o(.text)
    DMA_GetFlagStatus                        0x08001a73   Thumb Code    28  stm32f10x_dma.o(.text)
    DMA_ClearFlag                            0x08001a8f   Thumb Code    20  stm32f10x_dma.o(.text)
    DMA_GetITStatus                          0x08001aa3   Thumb Code    28  stm32f10x_dma.o(.text)
    DMA_ClearITPendingBit                    0x08001abf   Thumb Code    20  stm32f10x_dma.o(.text)
    SystemInit                               0x08001b7d   Thumb Code    64  system_stm32f10x.o(.text)
    SystemCoreClockUpdate                    0x08001bbd   Thumb Code    94  system_stm32f10x.o(.text)
    Reset_Handler                            0x08001c41   Thumb Code     8  startup_stm32f10x_md.o(.text)
    CAN1_RX1_IRQHandler                      0x08001c5b   Thumb Code     0  startup_stm32f10x_md.o(.text)
    CAN1_SCE_IRQHandler                      0x08001c5b   Thumb Code     0  startup_stm32f10x_md.o(.text)
    DMA1_Channel1_IRQHandler                 0x08001c5b   Thumb Code     0  startup_stm32f10x_md.o(.text)
    DMA1_Channel2_IRQHandler                 0x08001c5b   Thumb Code     0  startup_stm32f10x_md.o(.text)
    DMA1_Channel4_IRQHandler                 0x08001c5b   Thumb Code     0  startup_stm32f10x_md.o(.text)
    DMA1_Channel5_IRQHandler                 0x08001c5b   Thumb Code     0  startup_stm32f10x_md.o(.text)
    DMA1_Channel6_IRQHandler                 0x08001c5b   Thumb Code     0  startup_stm32f10x_md.o(.text)
    DMA1_Channel7_IRQHandler                 0x08001c5b   Thumb Code     0  startup_stm32f10x_md.o(.text)
    EXTI15_10_IRQHandler                     0x08001c5b   Thumb Code     0  startup_stm32f10x_md.o(.text)
    EXTI1_IRQHandler                         0x08001c5b   Thumb Code     0  startup_stm32f10x_md.o(.text)
    EXTI2_IRQHandler                         0x08001c5b   Thumb Code     0  startup_stm32f10x_md.o(.text)
    EXTI3_IRQHandler                         0x08001c5b   Thumb Code     0  startup_stm32f10x_md.o(.text)
    EXTI4_IRQHandler                         0x08001c5b   Thumb Code     0  startup_stm32f10x_md.o(.text)
    FLASH_IRQHandler                         0x08001c5b   Thumb Code     0  startup_stm32f10x_md.o(.text)
    I2C1_ER_IRQHandler                       0x08001c5b   Thumb Code     0  startup_stm32f10x_md.o(.text)
    I2C1_EV_IRQHandler                       0x08001c5b   Thumb Code     0  startup_stm32f10x_md.o(.text)
    I2C2_ER_IRQHandler                       0x08001c5b   Thumb Code     0  startup_stm32f10x_md.o(.text)
    I2C2_EV_IRQHandler                       0x08001c5b   Thumb Code     0  startup_stm32f10x_md.o(.text)
    PVD_IRQHandler                           0x08001c5b   Thumb Code     0  startup_stm32f10x_md.o(.text)
    RCC_IRQHandler                           0x08001c5b   Thumb Code     0  startup_stm32f10x_md.o(.text)
    RTCAlarm_IRQHandler                      0x08001c5b   Thumb Code     0  startup_stm32f10x_md.o(.text)
    RTC_IRQHandler                           0x08001c5b   Thumb Code     0  startup_stm32f10x_md.o(.text)
    SPI1_IRQHandler                          0x08001c5b   Thumb Code     0  startup_stm32f10x_md.o(.text)
    SPI2_IRQHandler                          0x08001c5b   Thumb Code     0  startup_stm32f10x_md.o(.text)
    TAMPER_IRQHandler                        0x08001c5b   Thumb Code     0  startup_stm32f10x_md.o(.text)
    TIM1_BRK_IRQHandler                      0x08001c5b   Thumb Code     0  startup_stm32f10x_md.o(.text)
    TIM1_CC_IRQHandler                       0x08001c5b   Thumb Code     0  startup_stm32f10x_md.o(.text)
    TIM1_TRG_COM_IRQHandler                  0x08001c5b   Thumb Code     0  startup_stm32f10x_md.o(.text)
    TIM1_UP_IRQHandler                       0x08001c5b   Thumb Code     0  startup_stm32f10x_md.o(.text)
    TIM2_IRQHandler                          0x08001c5b   Thumb Code     0  startup_stm32f10x_md.o(.text)
    TIM4_IRQHandler                          0x08001c5b   Thumb Code     0  startup_stm32f10x_md.o(.text)
    USART1_IRQHandler                        0x08001c5b   Thumb Code     0  startup_stm32f10x_md.o(.text)
    USART2_IRQHandler                        0x08001c5b   Thumb Code     0  startup_stm32f10x_md.o(.text)
    USBWakeUp_IRQHandler                     0x08001c5b   Thumb Code     0  startup_stm32f10x_md.o(.text)
    USB_HP_CAN1_TX_IRQHandler                0x08001c5b   Thumb Code     0  startup_stm32f10x_md.o(.text)
    USB_LP_CAN1_RX0_IRQHandler               0x08001c5b   Thumb Code     0  startup_stm32f10x_md.o(.text)
    WWDG_IRQHandler                          0x08001c5b   Thumb Code     0  startup_stm32f10x_md.o(.text)
    main                                     0x08001c65   Thumb Code    22  main.o(.text)
    NMI_Handler                              0x08001c7d   Thumb Code     2  stm32f10x_it.o(.text)
    HardFault_Handler                        0x08001c7f   Thumb Code     2  stm32f10x_it.o(.text)
    MemManage_Handler                        0x08001c81   Thumb Code     2  stm32f10x_it.o(.text)
    BusFault_Handler                         0x08001c83   Thumb Code     2  stm32f10x_it.o(.text)
    UsageFault_Handler                       0x08001c85   Thumb Code     2  stm32f10x_it.o(.text)
    SVC_Handler                              0x08001c87   Thumb Code     2  stm32f10x_it.o(.text)
    DebugMon_Handler                         0x08001c89   Thumb Code     2  stm32f10x_it.o(.text)
    PendSV_Handler                           0x08001c8b   Thumb Code     2  stm32f10x_it.o(.text)
    SysTick_Handler                          0x08001c8d   Thumb Code    18  stm32f10x_it.o(.text)
    ADC1_2_IRQHandler                        0x08001c9f   Thumb Code   222  stm32f10x_it.o(.text)
    state_machine_init                       0x08001d8f   Thumb Code    16  user_state_machine.o(.text)
    stm_get_cur_state                        0x08001d9f   Thumb Code     4  user_state_machine.o(.text)
    stm_set_next_state                       0x08001da3   Thumb Code     4  user_state_machine.o(.text)
    soft_reset                               0x08001db1   Thumb Code    26  user_config.o(.text)
    pid_config                               0x08001dcb   Thumb Code   386  user_config.o(.text)
    motor_cmd_is_valid                       0x08001f6d   Thumb Code    22  motor_protocol.o(.text)
    motor_get_cmd_from_uart                  0x08001f83   Thumb Code    70  motor_protocol.o(.text)
    motor_cmd_process                        0x08001fc9   Thumb Code    20  motor_protocol.o(.text)
    pwm_rcc_init                             0x08002089   Thumb Code    10  svpwm_driver.o(.text)
    pwm_cnt_irq_init                         0x08002093   Thumb Code     2  svpwm_driver.o(.text)
    pwm_pin_init                             0x08002095   Thumb Code    48  svpwm_driver.o(.text)
    pwm_tim_init                             0x080020c5   Thumb Code   294  svpwm_driver.o(.text)
    pwm_init                                 0x080021eb   Thumb Code    16  svpwm_driver.o(.text)
    get_pwm_period                           0x080021fb   Thumb Code    10  svpwm_driver.o(.text)
    get_pwm_limit_period                     0x08002205   Thumb Code    20  svpwm_driver.o(.text)
    pwm_reset_duty_cnt                       0x08002219   Thumb Code    52  svpwm_driver.o(.text)
    pwm_disable                              0x0800224d   Thumb Code     8  svpwm_driver.o(.text)
    pwm_enable                               0x08002255   Thumb Code     8  svpwm_driver.o(.text)
    pwm_get_max_limit                        0x0800225d   Thumb Code     4  svpwm_driver.o(.text)
    svpwm_init                               0x08002271   Thumb Code     4  svpwm_module.o(.text)
    svpwm_time_check                         0x08002275   Thumb Code    18  svpwm_module.o(.text)
    svpwm_reset_time                         0x08002287   Thumb Code    24  svpwm_module.o(.text)
    svpwm_get_sector                         0x0800229f   Thumb Code   100  svpwm_module.o(.text)
    svpwm_main_run1                          0x08002303   Thumb Code   318  svpwm_module.o(.text)
    svpwm_main_run2                          0x08002441   Thumb Code   942  svpwm_module.o(.text)
    svpwm_reset_pwm_duty                     0x080027ef   Thumb Code    38  svpwm_module.o(.text)
    usart_send_char                          0x08002815   Thumb Code    14  usart_driver.o(.text)
    usart_recv_char                          0x08002823   Thumb Code    18  usart_driver.o(.text)
    usart_printf                             0x08002835   Thumb Code    64  usart_driver.o(.text)
    usart_test_echo                          0x08002875   Thumb Code    12  usart_driver.o(.text)
    usart_init                               0x08002881   Thumb Code   256  usart_driver.o(.text)
    usart_set_rx_cbk                         0x08002981   Thumb Code     6  usart_driver.o(.text)
    DMA1_Channel3_IRQHandler                 0x08002987   Thumb Code    28  usart_driver.o(.text)
    USART3_IRQHandler                        0x080029a3   Thumb Code   100  usart_driver.o(.text)
    fputc                                    0x08002a07   Thumb Code    30  usart_driver.o(.text)
    gw_event_set_timestamp                   0x08002a35   Thumb Code     4  gw_event.o(.text)
    gw_event_set_timer                       0x08002a39   Thumb Code     4  gw_event.o(.text)
    gw_event_set_exec_args_task              0x08002a3d   Thumb Code     4  gw_event.o(.text)
    gw_event_set_exec_task                   0x08002a41   Thumb Code     4  gw_event.o(.text)
    gw_event_set_init_func                   0x08002a45   Thumb Code     4  gw_event.o(.text)
    gw_event_set_poll_time                   0x08002a49   Thumb Code     4  gw_event.o(.text)
    gw_event_set_priority                    0x08002a4d   Thumb Code     4  gw_event.o(.text)
    gw_event_set_type                        0x08002a51   Thumb Code     4  gw_event.o(.text)
    gw_event_set_id                          0x08002a55   Thumb Code     4  gw_event.o(.text)
    gw_event_init_default                    0x08002a59   Thumb Code    46  gw_event.o(.text)
    gw_event_init                            0x08002a87   Thumb Code    46  gw_event.o(.text)
    gw_event_set_msg                         0x08002ab5   Thumb Code     6  gw_event.o(.text)
    gw_event_set_status                      0x08002abb   Thumb Code     4  gw_event.o(.text)
    gw_event_get_id                          0x08002abf   Thumb Code     4  gw_event.o(.text)
    gw_event_get_type                        0x08002ac3   Thumb Code     4  gw_event.o(.text)
    gw_event_get_msg                         0x08002ac7   Thumb Code    10  gw_event.o(.text)
    gw_event_get_status                      0x08002ad1   Thumb Code     4  gw_event.o(.text)
    gw_event_get_poll_time                   0x08002ad5   Thumb Code     4  gw_event.o(.text)
    gw_event_get_priority                    0x08002ad9   Thumb Code     4  gw_event.o(.text)
    gw_event_get_init_func                   0x08002add   Thumb Code     4  gw_event.o(.text)
    gw_event_get_exec_task                   0x08002ae1   Thumb Code     4  gw_event.o(.text)
    gw_event_get_exec_args_task              0x08002ae5   Thumb Code     4  gw_event.o(.text)
    gw_event_get_timer                       0x08002ae9   Thumb Code     4  gw_event.o(.text)
    gw_get_event_list_size                   0x08002af1   Thumb Code     4  gw_fifo.o(.text)
    gw_is_event_empty                        0x08002af5   Thumb Code     4  gw_fifo.o(.text)
    gw_event_fifo_init                       0x08002af9   Thumb Code    46  gw_fifo.o(.text)
    gw_reset_event_status                    0x08002b27   Thumb Code    60  gw_fifo.o(.text)
    gw_poll_event_task                       0x08002b63   Thumb Code    54  gw_fifo.o(.text)
    gw_execute_event_task                    0x08002b99   Thumb Code    56  gw_fifo.o(.text)
    gw_global_timer_add                      0x08002bd1   Thumb Code     6  gw_fifo.o(.text)
    gw_fifo_is_empty                         0x08002bd7   Thumb Code    32  gw_fifo.o(.text)
    gw_fifo_is_full                          0x08002bf7   Thumb Code    20  gw_fifo.o(.text)
    gw_task_list_init                        0x08002c15   Thumb Code    16  gw_tasks.o(.text)
    gw_task_create                           0x08002c25   Thumb Code   144  gw_tasks.o(.text)
    gw_task_void_create                      0x08002cb5   Thumb Code    32  gw_tasks.o(.text)
    gw_task_args_create                      0x08002cd5   Thumb Code    28  gw_tasks.o(.text)
    gw_task_init_process                     0x08002cf1   Thumb Code    30  gw_tasks.o(.text)
    gw_task_process                          0x08002d0f   Thumb Code    50  gw_tasks.o(.text)
    gw_task_schedule                         0x08002d41   Thumb Code    46  gw_tasks.o(.text)
    timer_base_init                          0x08002d79   Thumb Code     4  gw_timer.o(.text)
    timer_reset                              0x08002d7d   Thumb Code     6  gw_timer.o(.text)
    timer_add                                0x08002d83   Thumb Code     8  gw_timer.o(.text)
    get_timer_stamp                          0x08002d8b   Thumb Code     4  gw_timer.o(.text)
    set_timer_value                          0x08002d8f   Thumb Code     4  gw_timer.o(.text)
    gw_msg_fifo_init                         0x08002d95   Thumb Code    30  gw_msgs.o(.text)
    gw_msg_fifo_get_pointer                  0x08002db3   Thumb Code     4  gw_msgs.o(.text)
    gw_msg_fifo_clear                        0x08002db7   Thumb Code    28  gw_msgs.o(.text)
    gw_msg_init                              0x08002dd3   Thumb Code     8  gw_msgs.o(.text)
    gw_msg_fifo_is_full                      0x08002ddb   Thumb Code    32  gw_msgs.o(.text)
    gw_msg_fifo_is_empty                     0x08002dfb   Thumb Code    18  gw_msgs.o(.text)
    gw_msg_fifo_enqueue                      0x08002e0d   Thumb Code    56  gw_msgs.o(.text)
    gw_msg_fifo_dequeue                      0x08002e45   Thumb Code    56  gw_msgs.o(.text)
    gw_msg_send_msg                          0x08002e7d   Thumb Code    38  gw_msgs.o(.text)
    gw_msg_send_str                          0x08002ea3   Thumb Code    40  gw_msgs.o(.text)
    gw_msg_receive                           0x08002ecb   Thumb Code    68  gw_msgs.o(.text)
    gw_list_init                             0x08002f15   Thumb Code    20  gw_list.o(.text)
    gw_list_node_init                        0x08002f29   Thumb Code    18  gw_list.o(.text)
    gw_list_insert_node_last                 0x08002f3b   Thumb Code    30  gw_list.o(.text)
    gw_list_insert_node_first                0x08002f59   Thumb Code    24  gw_list.o(.text)
    gw_list_insert_node_by_index             0x08002f71   Thumb Code    46  gw_list.o(.text)
    gw_list_node_free                        0x08002f9f   Thumb Code    18  gw_list.o(.text)
    gw_list_remove_node_last                 0x08002fb1   Thumb Code    42  gw_list.o(.text)
    gw_list_remove_node_first                0x08002fdb   Thumb Code    36  gw_list.o(.text)
    gw_list_remove_node_by_index             0x08002fff   Thumb Code    52  gw_list.o(.text)
    gw_list_free                             0x08003033   Thumb Code    30  gw_list.o(.text)
    gw_list_length                           0x08003051   Thumb Code     4  gw_list.o(.text)
    gw_hal_delay                             0x08003055   Thumb Code    16  gw_hal.o(.text)
    gw_hal_dec                               0x08003065   Thumb Code    16  gw_hal.o(.text)
    hal_system_timer_config                  0x08003075   Thumb Code    50  gw_hal.o(.text)
    cur_fbk_init                             0x080030dd   Thumb Code    74  current.o(.text)
    cur_fbk_get_Ia                           0x08003127   Thumb Code     4  current.o(.text)
    cur_fbk_get_Ia_avl                       0x0800312b   Thumb Code    32  current.o(.text)
    cur_fbk_get_Ib                           0x0800314b   Thumb Code     4  current.o(.text)
    cur_fbk_get_Ib_avl                       0x0800314f   Thumb Code    32  current.o(.text)
    cur_fbk_get_theta                        0x0800316f   Thumb Code     4  current.o(.text)
    set_inject_ia                            0x08003173   Thumb Code     6  current.o(.text)
    get_inject_ia                            0x08003179   Thumb Code     6  current.o(.text)
    set_inject_ib                            0x0800317f   Thumb Code     6  current.o(.text)
    get_inject_ib                            0x08003185   Thumb Code     6  current.o(.text)
    get_ia_offset                            0x0800318b   Thumb Code     8  current.o(.text)
    get_ib_offset                            0x08003193   Thumb Code     8  current.o(.text)
    get_ia_asc_offset                        0x0800319b   Thumb Code     8  current.o(.text)
    get_ib_asc_offset                        0x080031a3   Thumb Code     8  current.o(.text)
    get_pos_pha                              0x0800325d   Thumb Code     8  position.o(.text)
    get_pos_phb                              0x08003265   Thumb Code     8  position.o(.text)
    get_pos_phc                              0x0800326d   Thumb Code     8  position.o(.text)
    pos_init                                 0x08003275   Thumb Code    94  position.o(.text)
    get_pos_rotor                            0x080032d3   Thumb Code    30  position.o(.text)
    get_pos_rotor_2                          0x080032f1   Thumb Code    66  position.o(.text)
    get_pos_rotor_3                          0x08003333   Thumb Code    58  position.o(.text)
    pos_set_cbk                              0x0800336d   Thumb Code     6  position.o(.text)
    EXTI0_IRQHandler                         0x08003373   Thumb Code    54  position.o(.text)
    encoder_pin_init                         0x080033b1   Thumb Code    56  encoder.o(.text)
    encoder_rcc_init                         0x080033e9   Thumb Code    30  encoder.o(.text)
    encoder_tim_init                         0x08003407   Thumb Code    94  encoder.o(.text)
    encoder_irq_init                         0x08003465   Thumb Code    86  encoder.o(.text)
    encoder_init                             0x080034bb   Thumb Code    20  encoder.o(.text)
    encoder_set_cbk                          0x080034cf   Thumb Code     6  encoder.o(.text)
    encoder_get_motor_dir                    0x080034d5   Thumb Code    16  encoder.o(.text)
    encoder_get_e_theta                      0x080034e5   Thumb Code    24  encoder.o(.text)
    encoder_get_m_theta                      0x080034fd   Thumb Code    24  encoder.o(.text)
    encoder_reset_aligment                   0x08003515   Thumb Code     8  encoder.o(.text)
    encoder_conv_angular_pos                 0x0800351d   Thumb Code    14  encoder.o(.text)
    encoder_set_to_zero_position             0x0800352b   Thumb Code     8  encoder.o(.text)
    encoder_set_zero_pos_flag                0x08003533   Thumb Code     6  encoder.o(.text)
    encoder_get_zero_pos_flag                0x08003539   Thumb Code    20  encoder.o(.text)
    encoder_clear_timercounter               0x0800354d   Thumb Code     8  encoder.o(.text)
    encoder_get_sector_angular               0x08003555   Thumb Code     4  encoder.o(.text)
    encoder_get_first_zero_cnt               0x08003559   Thumb Code     8  encoder.o(.text)
    encoder_get_timecounter_cnt              0x08003561   Thumb Code    10  encoder.o(.text)
    enconder_calc_rot_speed                  0x0800356b   Thumb Code   164  encoder.o(.text)
    encoder_calc_ave                         0x0800360f   Thumb Code    80  encoder.o(.text)
    enconder_get_ave_speed                   0x0800365f   Thumb Code    40  encoder.o(.text)
    enconder_get_pulse_cnt                   0x08003687   Thumb Code    66  encoder.o(.text)
    enconder_get_rpm                         0x080036c9   Thumb Code     2  encoder.o(.text)
    encoder_set_first_start_sector_flag      0x080036cb   Thumb Code     4  encoder.o(.text)
    encoder_get_first_start_sector_flag      0x080036cf   Thumb Code     6  encoder.o(.text)
    encoder_set_first_zero_signal_flag       0x080036d5   Thumb Code     4  encoder.o(.text)
    encoder_get_first_zero_signal_flag       0x080036d9   Thumb Code     6  encoder.o(.text)
    TIM3_IRQHandler                          0x080036df   Thumb Code    38  encoder.o(.text)
    EXTI9_5_IRQHandler                       0x08003705   Thumb Code    38  encoder.o(.text)
    clarke                                   0x08003745   Thumb Code    70  svpwm_math.o(.text)
    trig_functions                           0x0800378b   Thumb Code   108  svpwm_math.o(.text)
    park                                     0x080037f7   Thumb Code   128  svpwm_math.o(.text)
    park_rev                                 0x08003877   Thumb Code    62  svpwm_math.o(.text)
    PID_HandleInit                           0x080038bd   Thumb Code    20  pid_regulator.o(.text)
    PID_SetKP                                0x080038d1   Thumb Code     4  pid_regulator.o(.text)
    PID_SetKI                                0x080038d5   Thumb Code     4  pid_regulator.o(.text)
    PID_GetKP                                0x080038d9   Thumb Code     6  pid_regulator.o(.text)
    PID_GetKI                                0x080038df   Thumb Code     6  pid_regulator.o(.text)
    PID_GetDefaultKP                         0x080038e5   Thumb Code     6  pid_regulator.o(.text)
    PID_GetDefaultKI                         0x080038eb   Thumb Code     6  pid_regulator.o(.text)
    PID_SetIntegralTerm                      0x080038f1   Thumb Code     4  pid_regulator.o(.text)
    PID_GetKPDivisor                         0x080038f5   Thumb Code     4  pid_regulator.o(.text)
    PID_SetKPDivisorPOW2                     0x080038f9   Thumb Code    10  pid_regulator.o(.text)
    PID_GetKIDivisor                         0x08003903   Thumb Code     4  pid_regulator.o(.text)
    PID_SetLowerIntegralTermLimit            0x08003907   Thumb Code     4  pid_regulator.o(.text)
    PID_SetUpperIntegralTermLimit            0x0800390b   Thumb Code     4  pid_regulator.o(.text)
    PID_SetKIDivisorPOW2                     0x0800390f   Thumb Code    22  pid_regulator.o(.text)
    PID_SetLowerOutputLimit                  0x08003925   Thumb Code     4  pid_regulator.o(.text)
    PID_SetUpperOutputLimit                  0x08003929   Thumb Code     4  pid_regulator.o(.text)
    PID_SetPrevError                         0x0800392d   Thumb Code     4  pid_regulator.o(.text)
    PID_SetKD                                0x08003931   Thumb Code     4  pid_regulator.o(.text)
    PID_GetKD                                0x08003935   Thumb Code     6  pid_regulator.o(.text)
    PID_GetKDDivisor                         0x0800393b   Thumb Code     4  pid_regulator.o(.text)
    PI_Controller                            0x0800393f   Thumb Code   118  pid_regulator.o(.text)
    foc_set_rpm_ref                          0x080039b9   Thumb Code    32  foc.o(.text)
    foc_get_rpm_ref                          0x080039d9   Thumb Code     6  foc.o(.text)
    foc_set_position_ref                     0x080039df   Thumb Code    34  foc.o(.text)
    foc_get_position_ref                     0x08003a01   Thumb Code     6  foc.o(.text)
    foc_start_up_03                          0x08003a07   Thumb Code   160  foc.o(.text)
    foc_start_up_02                          0x08003aa7   Thumb Code   100  foc.o(.text)
    foc_start_up                             0x08003b0b   Thumb Code   144  foc.o(.text)
    foc_get_feedback                         0x08003b9b   Thumb Code    32  foc.o(.text)
    foc_calc_fluxtorque_ref                  0x08003bbb   Thumb Code     2  foc.o(.text)
    foc_motor_start2                         0x08003bbd   Thumb Code   180  foc.o(.text)
    foc_motor_start                          0x08003c71   Thumb Code   228  foc.o(.text)
    foc_encoder_get_zero_line_offset         0x08003d55   Thumb Code    44  foc.o(.text)
    task_motor_control                       0x08003d91   Thumb Code   232  task_motor_control.o(.text)
    task_motor_at_zero_position              0x08003e79   Thumb Code    44  task_motor_control.o(.text)
    task_motor_control_init                  0x08003ea5   Thumb Code    50  task_motor_control.o(.text)
    task_motor_control_create                0x08003ed7   Thumb Code    30  task_motor_control.o(.text)
    task_motor_startup_05                    0x08003ef5   Thumb Code   218  task_motor_control.o(.text)
    task_motor_startup_04                    0x08003fcf   Thumb Code   200  task_motor_control.o(.text)
    task_motor_startup_03                    0x08004097   Thumb Code   174  task_motor_control.o(.text)
    task_motor_startup_02                    0x08004145   Thumb Code   296  task_motor_control.o(.text)
    task_motor_startup                       0x0800426d   Thumb Code   174  task_motor_control.o(.text)
    task_motor_cur_loop                      0x0800431b   Thumb Code   134  task_motor_control.o(.text)
    task_motor_pwm_enable                    0x080043a1   Thumb Code     4  task_motor_control.o(.text)
    task_motor_stop                          0x080043a5   Thumb Code     4  task_motor_control.o(.text)
    task_bsp_init                            0x08004445   Thumb Code    38  task_main.o(.text)
    task_system_init                         0x0800446b   Thumb Code    16  task_main.o(.text)
    task_create                              0x0800447b   Thumb Code     4  task_main.o(.text)
    task_main                                0x0800447f   Thumb Code    12  task_main.o(.text)
    __aeabi_ldivmod                          0x080044a1   Thumb Code    98  ldiv.o(.text)
    __aeabi_memset                           0x08004503   Thumb Code    14  memseta.o(.text)
    __aeabi_memset4                          0x08004503   Thumb Code     0  memseta.o(.text)
    __aeabi_memset8                          0x08004503   Thumb Code     0  memseta.o(.text)
    __aeabi_memclr                           0x08004511   Thumb Code     4  memseta.o(.text)
    __aeabi_memclr4                          0x08004511   Thumb Code     0  memseta.o(.text)
    __aeabi_memclr8                          0x08004511   Thumb Code     0  memseta.o(.text)
    _memset$wrapper                          0x08004515   Thumb Code    18  memseta.o(.text)
    __aeabi_uidiv                            0x08004527   Thumb Code     0  uidiv.o(.text)
    __aeabi_uidivmod                         0x08004527   Thumb Code    44  uidiv.o(.text)
    __aeabi_uldivmod                         0x08004553   Thumb Code    98  uldiv.o(.text)
    __I$use$fp                               0x080045b5   Thumb Code     0  iusefp.o(.text)
    __aeabi_dadd                             0x080045b5   Thumb Code   322  dadd.o(.text)
    __aeabi_dsub                             0x080046f7   Thumb Code     6  dadd.o(.text)
    __aeabi_drsub                            0x080046fd   Thumb Code     6  dadd.o(.text)
    __aeabi_dmul                             0x08004703   Thumb Code   228  dmul.o(.text)
    __aeabi_ddiv                             0x080047e7   Thumb Code   222  ddiv.o(.text)
    __aeabi_d2ulz                            0x080048c5   Thumb Code    48  dfixul.o(.text)
    __aeabi_cdrcmple                         0x080048f5   Thumb Code    48  cdrcmple.o(.text)
    __scatterload                            0x08004925   Thumb Code    28  init.o(.text)
    __scatterload_rt2                        0x08004925   Thumb Code     0  init.o(.text)
    __aeabi_llsl                             0x08004949   Thumb Code    30  llshl.o(.text)
    _ll_shift_l                              0x08004949   Thumb Code     0  llshl.o(.text)
    __aeabi_llsr                             0x08004967   Thumb Code    32  llushr.o(.text)
    _ll_ushift_r                             0x08004967   Thumb Code     0  llushr.o(.text)
    __aeabi_lasr                             0x08004987   Thumb Code    36  llsshr.o(.text)
    _ll_sshift_r                             0x08004987   Thumb Code     0  llsshr.o(.text)
    _double_round                            0x080049ab   Thumb Code    30  depilogue.o(.text)
    _double_epilogue                         0x080049c9   Thumb Code   156  depilogue.o(.text)
    __0printf                                0x08004a65   Thumb Code    22  printfa.o(i.__0printf)
    __1printf                                0x08004a65   Thumb Code     0  printfa.o(i.__0printf)
    __2printf                                0x08004a65   Thumb Code     0  printfa.o(i.__0printf)
    __c89printf                              0x08004a65   Thumb Code     0  printfa.o(i.__0printf)
    printf                                   0x08004a65   Thumb Code     0  printfa.o(i.__0printf)
    __0vsprintf                              0x08004a85   Thumb Code    30  printfa.o(i.__0vsprintf)
    __1vsprintf                              0x08004a85   Thumb Code     0  printfa.o(i.__0vsprintf)
    __2vsprintf                              0x08004a85   Thumb Code     0  printfa.o(i.__0vsprintf)
    __c89vsprintf                            0x08004a85   Thumb Code     0  printfa.o(i.__0vsprintf)
    vsprintf                                 0x08004a85   Thumb Code     0  printfa.o(i.__0vsprintf)
    __scatterload_copy                       0x08004aa9   Thumb Code    14  handlers.o(i.__scatterload_copy)
    __scatterload_null                       0x08004ab7   Thumb Code     2  handlers.o(i.__scatterload_null)
    __scatterload_zeroinit                   0x08004ab9   Thumb Code    14  handlers.o(i.__scatterload_zeroinit)
    free                                     0x08005385   Thumb Code    76  malloc.o(i.free)
    malloc                                   0x080053d5   Thumb Code    92  malloc.o(i.malloc)
    set_up_current                           0x08005441   Thumb Code    14  foc.o(i.set_up_current)
    hSin_Cos_Table                           0x0800544e   Data         512  svpwm_math.o(.constdata)
    Region$$Table$$Base                      0x08005650   Number         0  anon$$obj.o(Region$$Table)
    Region$$Table$$Limit                     0x08005670   Number         0  anon$$obj.o(Region$$Table)
    SystemCoreClock                          0x20000014   Data           4  system_stm32f10x.o(.data)
    AHBPrescTable                            0x20000018   Data          16  system_stm32f10x.o(.data)
    global_timer                             0x2000002c   Data           4  gw_timer.o(.data)
    time_cnt                                 0x20000030   Data           4  gw_hal.o(.data)
    Ia_val                                   0x20000034   Data           2  current.o(.data)
    Ib_val                                   0x20000036   Data           2  current.o(.data)
    ia_offset                                0x20000038   Data           2  current.o(.data)
    ib_offset                                0x2000003a   Data           2  current.o(.data)
    ia_asc_offset                            0x2000003c   Data           2  current.o(.data)
    ib_asc_offset                            0x2000003e   Data           2  current.o(.data)
    first_startup_flag                       0x20000040   Data           1  position.o(.data)
    callback                                 0x20000044   Data           4  position.o(.data)
    zero_pos_flag                            0x20000048   Data           1  encoder.o(.data)
    first_zero_cnt                           0x2000004c   Data           2  encoder.o(.data)
    overflow_times                           0x2000004e   Data           2  encoder.o(.data)
    previous_angle                           0x20000050   Data           2  encoder.o(.data)
    wdelta_angle                             0x20000054   Data           4  encoder.o(.data)
    temp_spd                                 0x20000058   Data           8  encoder.o(.data)
    user_encoder                             0x20000060   Data          16  encoder.o(.data)
    angle_0                                  0x20000072   Data           2  task_motor_control.o(.data)
    angle_60                                 0x20000074   Data           2  task_motor_control.o(.data)
    angle_120                                0x20000076   Data           2  task_motor_control.o(.data)
    angle_180                                0x20000078   Data           2  task_motor_control.o(.data)
    angle_240                                0x2000007a   Data           2  task_motor_control.o(.data)
    angle_300                                0x2000007c   Data           2  task_motor_control.o(.data)
    target_sector                            0x2000007e   Data           2  task_motor_control.o(.data)
    __stdout                                 0x2000008c   Data           4  stdout.o(.data)
    __microlib_freelist                      0x20000090   Data           4  mvars.o(.data)
    __microlib_freelist_initialised          0x20000094   Data           4  mvars.o(.data)
    motor_state                              0x20000098   Data          16  user_state_machine.o(.bss)
    user_cmd_mod                             0x200000a8   Data          16  motor_protocol.o(.bss)
    RxBuffer                                 0x200000b8   Data          16  usart_driver.o(.bss)
    user_uart_mod                            0x200000c8   Data          32  usart_driver.o(.bss)
    event_table                              0x200000f8   Data         144  gw_fifo.o(.bss)
    msg_fifo                                 0x20000188   Data          88  gw_msgs.o(.bss)
    foc_obj                                  0x200001f0   Data         292  task_motor_control.o(.bss)
    __heap_base                              0x20000318   Data           0  startup_stm32f10x_md.o(HEAP)
    __heap_limit                             0x20000b18   Data           0  startup_stm32f10x_md.o(HEAP)
    __initial_sp                             0x20001f18   Data           0  startup_stm32f10x_md.o(STACK)



==============================================================================

Memory Map of the image

  Image Entry point : 0x080000ed

  Load Region LR_IROM1 (Base: 0x08000000, Size: 0x00005708, Max: 0x00020000, ABSOLUTE)

    Execution Region ER_IROM1 (Exec base: 0x08000000, Load base: 0x08000000, Size: 0x00005670, Max: 0x00020000, ABSOLUTE)

    Exec Addr    Load Addr    Size         Type   Attr      Idx    E Section Name        Object

    0x08000000   0x08000000   0x000000ec   Data   RO          224    RESET               startup_stm32f10x_md.o
    0x080000ec   0x080000ec   0x00000000   Code   RO          864  * .ARM.Collect$$$$00000000  mc_w.l(entry.o)
    0x080000ec   0x080000ec   0x00000004   Code   RO         1162    .ARM.Collect$$$$00000001  mc_w.l(entry2.o)
    0x080000f0   0x080000f0   0x00000004   Code   RO         1165    .ARM.Collect$$$$00000004  mc_w.l(entry5.o)
    0x080000f4   0x080000f4   0x00000000   Code   RO         1167    .ARM.Collect$$$$00000008  mc_w.l(entry7b.o)
    0x080000f4   0x080000f4   0x00000000   Code   RO         1169    .ARM.Collect$$$$0000000A  mc_w.l(entry8b.o)
    0x080000f4   0x080000f4   0x00000008   Code   RO         1170    .ARM.Collect$$$$0000000B  mc_w.l(entry9a.o)
    0x080000fc   0x080000fc   0x00000000   Code   RO         1172    .ARM.Collect$$$$0000000D  mc_w.l(entry10a.o)
    0x080000fc   0x080000fc   0x00000000   Code   RO         1174    .ARM.Collect$$$$0000000F  mc_w.l(entry11a.o)
    0x080000fc   0x080000fc   0x00000004   Code   RO         1163    .ARM.Collect$$$$00002712  mc_w.l(entry2.o)
    0x08000100   0x08000100   0x000000b0   Code   RO            1    .text               misc.o
    0x080001b0   0x080001b0   0x0000026c   Code   RO           59    .text               stm32f10x_gpio.o
    0x0800041c   0x0800041c   0x000002c4   Code   RO           86    .text               stm32f10x_rcc.o
    0x080006e0   0x080006e0   0x00000af4   Code   RO          116    .text               stm32f10x_tim.o
    0x080011d4   0x080011d4   0x00000328   Code   RO          129    .text               stm32f10x_usart.o
    0x080014fc   0x080014fc   0x000000e8   Code   RO          141    .text               stm32f10x_exti.o
    0x080015e4   0x080015e4   0x00000330   Code   RO          153    .text               stm32f10x_adc.o
    0x08001914   0x08001914   0x000001c8   Code   RO          181    .text               stm32f10x_dma.o
    0x08001adc   0x08001adc   0x00000164   Code   RO          204    .text               system_stm32f10x.o
    0x08001c40   0x08001c40   0x00000024   Code   RO          225    .text               startup_stm32f10x_md.o
    0x08001c64   0x08001c64   0x00000016   Code   RO          229    .text               main.o
    0x08001c7a   0x08001c7a   0x00000002   PAD
    0x08001c7c   0x08001c7c   0x0000010c   Code   RO          244    .text               stm32f10x_it.o
    0x08001d88   0x08001d88   0x00000028   Code   RO          325    .text               user_state_machine.o
    0x08001db0   0x08001db0   0x000001bc   Code   RO          343    .text               user_config.o
    0x08001f6c   0x08001f6c   0x0000011c   Code   RO          387    .text               motor_protocol.o
    0x08002088   0x08002088   0x000001e8   Code   RO          447    .text               svpwm_driver.o
    0x08002270   0x08002270   0x000005a4   Code   RO          460    .text               svpwm_module.o
    0x08002814   0x08002814   0x00000220   Code   RO          473    .text               usart_driver.o
    0x08002a34   0x08002a34   0x000000bc   Code   RO          499    .text               gw_event.o
    0x08002af0   0x08002af0   0x00000124   Code   RO          512    .text               gw_fifo.o
    0x08002c14   0x08002c14   0x00000164   Code   RO          527    .text               gw_tasks.o
    0x08002d78   0x08002d78   0x0000001a   Code   RO          544    .text               gw_timer.o
    0x08002d92   0x08002d92   0x00000002   PAD
    0x08002d94   0x08002d94   0x00000180   Code   RO          562    .text               gw_msgs.o
    0x08002f14   0x08002f14   0x00000140   Code   RO          581    .text               gw_list.o
    0x08003054   0x08003054   0x00000060   Code   RO          594    .text               gw_hal.o
    0x080030b4   0x080030b4   0x000001a8   Code   RO          613    .text               current.o
    0x0800325c   0x0800325c   0x00000154   Code   RO          630    .text               position.o
    0x080033b0   0x080033b0   0x00000394   Code   RO          651    .text               encoder.o
    0x08003744   0x08003744   0x00000178   Code   RO          714    .text               svpwm_math.o
    0x080038bc   0x080038bc   0x000000fc   Code   RO          729    .text               pid_regulator.o
    0x080039b8   0x080039b8   0x000003d8   Code   RO          742    .text               foc.o
    0x08003d90   0x08003d90   0x000006b4   Code   RO          788    .text               task_motor_control.o
    0x08004444   0x08004444   0x0000005c   Code   RO          824    .text               task_main.o
    0x080044a0   0x080044a0   0x00000062   Code   RO          867    .text               mc_w.l(ldiv.o)
    0x08004502   0x08004502   0x00000024   Code   RO          869    .text               mc_w.l(memseta.o)
    0x08004526   0x08004526   0x0000002c   Code   RO         1177    .text               mc_w.l(uidiv.o)
    0x08004552   0x08004552   0x00000062   Code   RO         1179    .text               mc_w.l(uldiv.o)
    0x080045b4   0x080045b4   0x00000000   Code   RO         1187    .text               mc_w.l(iusefp.o)
    0x080045b4   0x080045b4   0x0000014e   Code   RO         1188    .text               mf_w.l(dadd.o)
    0x08004702   0x08004702   0x000000e4   Code   RO         1190    .text               mf_w.l(dmul.o)
    0x080047e6   0x080047e6   0x000000de   Code   RO         1192    .text               mf_w.l(ddiv.o)
    0x080048c4   0x080048c4   0x00000030   Code   RO         1194    .text               mf_w.l(dfixul.o)
    0x080048f4   0x080048f4   0x00000030   Code   RO         1196    .text               mf_w.l(cdrcmple.o)
    0x08004924   0x08004924   0x00000024   Code   RO         1198    .text               mc_w.l(init.o)
    0x08004948   0x08004948   0x0000001e   Code   RO         1200    .text               mc_w.l(llshl.o)
    0x08004966   0x08004966   0x00000020   Code   RO         1202    .text               mc_w.l(llushr.o)
    0x08004986   0x08004986   0x00000024   Code   RO         1204    .text               mc_w.l(llsshr.o)
    0x080049aa   0x080049aa   0x000000ba   Code   RO         1206    .text               mf_w.l(depilogue.o)
    0x08004a64   0x08004a64   0x00000020   Code   RO         1104    i.__0printf         mc_w.l(printfa.o)
    0x08004a84   0x08004a84   0x00000024   Code   RO         1110    i.__0vsprintf       mc_w.l(printfa.o)
    0x08004aa8   0x08004aa8   0x0000000e   Code   RO         1210    i.__scatterload_copy  mc_w.l(handlers.o)
    0x08004ab6   0x08004ab6   0x00000002   Code   RO         1211    i.__scatterload_null  mc_w.l(handlers.o)
    0x08004ab8   0x08004ab8   0x0000000e   Code   RO         1212    i.__scatterload_zeroinit  mc_w.l(handlers.o)
    0x08004ac6   0x08004ac6   0x00000002   PAD
    0x08004ac8   0x08004ac8   0x00000184   Code   RO         1111    i._fp_digits        mc_w.l(printfa.o)
    0x08004c4c   0x08004c4c   0x000006dc   Code   RO         1112    i._printf_core      mc_w.l(printfa.o)
    0x08005328   0x08005328   0x00000024   Code   RO         1113    i._printf_post_padding  mc_w.l(printfa.o)
    0x0800534c   0x0800534c   0x0000002e   Code   RO         1114    i._printf_pre_padding  mc_w.l(printfa.o)
    0x0800537a   0x0800537a   0x0000000a   Code   RO         1116    i._sputc            mc_w.l(printfa.o)
    0x08005384   0x08005384   0x00000050   Code   RO         1132    i.free              mc_w.l(malloc.o)
    0x080053d4   0x080053d4   0x0000006c   Code   RO         1133    i.malloc            mc_w.l(malloc.o)
    0x08005440   0x08005440   0x0000000e   Code   RO          757    i.set_up_current    foc.o
    0x0800544e   0x0800544e   0x00000200   Data   RO          715    .constdata          svpwm_math.o
    0x0800564e   0x0800564e   0x00000002   PAD
    0x08005650   0x08005650   0x00000020   Data   RO         1208    Region$$Table       anon$$obj.o


    Execution Region RW_IRAM1 (Exec base: 0x20000000, Load base: 0x08005670, Size: 0x00001f18, Max: 0x00005000, ABSOLUTE)

    Exec Addr    Load Addr    Size         Type   Attr      Idx    E Section Name        Object

    0x20000000   0x08005670   0x00000014   Data   RW           87    .data               stm32f10x_rcc.o
    0x20000014   0x08005684   0x00000014   Data   RW          205    .data               system_stm32f10x.o
    0x20000028   0x08005698   0x00000004   Data   RW          528    .data               gw_tasks.o
    0x2000002c   0x0800569c   0x00000004   Data   RW          545    .data               gw_timer.o
    0x20000030   0x080056a0   0x00000004   Data   RW          595    .data               gw_hal.o
    0x20000034   0x080056a4   0x0000000c   Data   RW          615    .data               current.o
    0x20000040   0x080056b0   0x00000008   Data   RW          632    .data               position.o
    0x20000048   0x080056b8   0x00000028   Data   RW          657    .data               encoder.o
    0x20000070   0x080056e0   0x00000002   Data   RW          746    .data               foc.o
    0x20000072   0x080056e2   0x0000001a   Data   RW          790    .data               task_motor_control.o
    0x2000008c   0x080056fc   0x00000004   Data   RW         1176    .data               mc_w.l(stdout.o)
    0x20000090   0x08005700   0x00000004   Data   RW         1185    .data               mc_w.l(mvars.o)
    0x20000094   0x08005704   0x00000004   Data   RW         1186    .data               mc_w.l(mvars.o)
    0x20000098        -       0x00000010   Zero   RW          326    .bss                user_state_machine.o
    0x200000a8        -       0x00000010   Zero   RW          388    .bss                motor_protocol.o
    0x200000b8        -       0x00000040   Zero   RW          474    .bss                usart_driver.o
    0x200000f8        -       0x00000090   Zero   RW          513    .bss                gw_fifo.o
    0x20000188        -       0x00000058   Zero   RW          563    .bss                gw_msgs.o
    0x200001e0        -       0x0000000e   Zero   RW          652    .bss                encoder.o
    0x200001ee   0x08005708   0x00000002   PAD
    0x200001f0        -       0x00000124   Zero   RW          789    .bss                task_motor_control.o
    0x20000314   0x08005708   0x00000004   PAD
    0x20000318        -       0x00000800   Zero   RW          223    HEAP                startup_stm32f10x_md.o
    0x20000b18        -       0x00001400   Zero   RW          222    STACK               startup_stm32f10x_md.o


==============================================================================

Image component sizes


      Code (inc. data)   RO Data    RW Data    ZI Data      Debug   Object Name

         0          0          0          0          0         32   core_cm3.o
       424         12          0         12          0       4342   current.o
       916         26          0         40         14       8862   encoder.o
       998         16          0          2          0       6191   foc.o
       188          4          0          0          0       5881   gw_event.o
       292         10          0          0        144       2896   gw_fifo.o
        96         14          0          4          0      16760   gw_hal.o
       320          0          0          0          0       3921   gw_list.o
       384          6          0          0         88       4426   gw_msgs.o
       356         10          0          4          0       3441   gw_tasks.o
        26          0          0          4          0       2019   gw_timer.o
        22          0          0          0          0        459   main.o
       176         14          0          0          0     275333   misc.o
       284         14          0          0         16       4412   motor_protocol.o
       252          4          0          0          0       5141   pid_regulator.o
       340         24          0          8          0       3686   position.o
        36          8        236          0       7168        908   startup_stm32f10x_md.o
       816         24          0          0          0      11377   stm32f10x_adc.o
       456         10          0          0          0       4770   stm32f10x_dma.o
       232          8          0          0          0       2487   stm32f10x_exti.o
       620         36          0          0          0       5949   stm32f10x_gpio.o
       268         12          0          0          0       8318   stm32f10x_it.o
       708         36          0         20          0       9124   stm32f10x_rcc.o
      2804         86          0          0          0      23070   stm32f10x_tim.o
       808         22          0          0          0       8868   stm32f10x_usart.o
       488         16          0          0          0       3337   svpwm_driver.o
       376          8        512          0          0       4623   svpwm_math.o
      1444         24          0          0          0       4435   svpwm_module.o
       356         38          0         20          0       2115   system_stm32f10x.o
        92         22          0          0          0        819   task_main.o
      1716        174          0         26        292       7071   task_motor_control.o
       544         16          0          0         64       6175   usart_driver.o
       444         32          0          0          0      17174   user_config.o
        40         10          0          0         16       2268   user_state_machine.o

    ----------------------------------------------------------------------
     17326        736        782        140       7808     470690   Object Totals
         0          0         32          0          0          0   (incl. Generated)
         4          0          2          0          6          0   (incl. Padding)

    ----------------------------------------------------------------------

      Code (inc. data)   RO Data    RW Data    ZI Data      Debug   Library Member Name

         0          0          0          0          0          0   entry.o
         0          0          0          0          0          0   entry10a.o
         0          0          0          0          0          0   entry11a.o
         8          4          0          0          0          0   entry2.o
         4          0          0          0          0          0   entry5.o
         0          0          0          0          0          0   entry7b.o
         0          0          0          0          0          0   entry8b.o
         8          4          0          0          0          0   entry9a.o
        30          0          0          0          0          0   handlers.o
        36          8          0          0          0         68   init.o
         0          0          0          0          0          0   iusefp.o
        98          0          0          0          0         84   ldiv.o
        30          0          0          0          0         68   llshl.o
        36          0          0          0          0         68   llsshr.o
        32          0          0          0          0         68   llushr.o
       188         20          0          0          0        160   malloc.o
        36          0          0          0          0        108   memseta.o
         0          0          0          8          0          0   mvars.o
      2304         96          0          0          0        600   printfa.o
         0          0          0          4          0          0   stdout.o
        44          0          0          0          0         80   uidiv.o
        98          0          0          0          0         92   uldiv.o
        48          0          0          0          0         68   cdrcmple.o
       334          0          0          0          0        148   dadd.o
       222          0          0          0          0        100   ddiv.o
       186          0          0          0          0        176   depilogue.o
        48          0          0          0          0         68   dfixul.o
       228          0          0          0          0         96   dmul.o

    ----------------------------------------------------------------------
      4020        132          0         12          0       2052   Library Totals
         2          0          0          0          0          0   (incl. Padding)

    ----------------------------------------------------------------------

      Code (inc. data)   RO Data    RW Data    ZI Data      Debug   Library Name

      2952        132          0         12          0       1396   mc_w.l
      1066          0          0          0          0        656   mf_w.l

    ----------------------------------------------------------------------
      4020        132          0         12          0       2052   Library Totals

    ----------------------------------------------------------------------

==============================================================================


      Code (inc. data)   RO Data    RW Data    ZI Data      Debug   

     21346        868        782        152       7808     466654   Grand Totals
     21346        868        782        152       7808     466654   ELF Image Totals
     21346        868        782        152          0          0   ROM Totals

==============================================================================

    Total RO  Size (Code + RO Data)                22128 (  21.61kB)
    Total RW  Size (RW Data + ZI Data)              7960 (   7.77kB)
    Total ROM Size (Code + RO Data + RW Data)      22280 (  21.76kB)

==============================================================================

