<html>
<body>
<pre>
<h1>礦ision Build Log</h1>
<h2>Tool Versions:</h2>
IDE-Version: μVision V5.26.2.0
Copyright (C) 2018 ARM Ltd and ARM Germany GmbH. All rights reserved.
License Information: geek zhaojunhui1861@163.com, geek, LIC=21ENN-Y2YFB-IGS7N-YZ4LT-RC7LD-3KJKU
 
Tool Versions:
Toolchain:       MDK-ARM Plus  Version: 5.26.2.0
Toolchain Path:  C:\Keil_v5\ARM\ARMCC\Bin
C Compiler:      Armcc.exe V5.06 update 6 (build 750)
Assembler:       Armasm.exe V5.06 update 6 (build 750)
Linker/Locator:  ArmLink.exe V5.06 update 6 (build 750)
Library Manager: ArmAr.exe V5.06 update 6 (build 750)
Hex Converter:   FromElf.exe V5.06 update 6 (build 750)
CPU DLL:         SARMCM3.DLL V5.26.2.0
Dialog DLL:      DCM.DLL V1.17.2.0
Target DLL:      STLink\ST-LINKIII-KEIL_SWO.dll V3.0.5.0
Dialog DLL:      TCM.DLL V1.36.1.0
 
<h2>Project:</h2>
Z:\work\pmsm_pretest\software\Source\Project\MDK\ARMCC\STM32F103CB-PMSM.uvprojx
Project File Date:  12/31/2019

<h2>Output:</h2>
*** Using Compiler 'V5.06 update 6 (build 750)', folder: 'C:\Keil_v5\ARM\ARMCC\Bin'
Rebuild target 'PMSM'
compiling misc.c...
compiling stm32f10x_gpio.c...
compiling stm32f10x_i2c.c...
compiling stm32f10x_rtc.c...
compiling stm32f10x_rcc.c...
compiling stm32f10x_tim.c...
compiling stm32f10x_exti.c...
compiling stm32f10x_usart.c...
compiling stm32f10x_adc.c...
compiling core_cm3.c...
compiling stm32f10x_dma.c...
compiling stm32f10x_flash.c...
assembling startup_stm32f10x_md.s...
compiling system_stm32f10x.c...
compiling user_state_machine.c...
compiling main.c...
compiling user_flash.c...
compiling motor_protocol.c...
compiling user_config.c...
compiling stm32f10x_it.c...
compiling user_banner.c...
compiling display_device.c...
compiling svpwm_module.c...
compiling display_driver.c...
compiling svpwm_driver.c...
compiling gw_event.c...
compiling usart_driver.c...
compiling gw_fifo.c...
compiling gw_tasks.c...
compiling gw_timer.c...
compiling gw_msgs.c...
compiling gw_list.c...
compiling gw_hal.c...
compiling position.c...
compiling current.c...
compiling test_svpwm.c...
compiling SDS.c...
compiling encoder.c...
compiling test_encoder.c...
compiling test_usart.c...
compiling test_event.c...
compiling test_dispaly.c...
compiling svpwm_math.c...
compiling pid_regulator.c...
compiling task_display.c...
compiling motor_control.c...
compiling task_key.c...
compiling foc.c...
compiling velocity_curve.c...
compiling task_motor_control.c...
compiling feed_forward.c...
compiling task_main.c...
linking...
Program Size: Code=21346 RO-data=782 RW-data=152 ZI-data=7808  
FromELF: creating hex file...
After Build - User command #1: .\..\..\..\Scripts\create_bin.bat
Z:\work\pmsm_pretest\software\Source\Project\MDK\ARMCC>echo Z:\work\pmsm_pretest\software\Source\Project\MDK\ARMCC 
Z:\work\pmsm_pretest\software\Source\Project\MDK\ARMCC
Z:\work\pmsm_pretest\software\Source\Project\MDK\ARMCC>set ROOT_PATH=.\..\.. 
Z:\work\pmsm_pretest\software\Source\Project\MDK\ARMCC>set OUT_NAME=firmware.bin 
Z:\work\pmsm_pretest\software\Source\Project\MDK\ARMCC>set SRC=.\..\..\..\Project\MDK\ARMCC\Out\obj\*.hex 
Z:\work\pmsm_pretest\software\Source\Project\MDK\ARMCC>set TOOL=.\..\..\..\Bin\hex2bin.exe 
Z:\work\pmsm_pretest\software\Source\Project\MDK\ARMCC>set DST=.\..\..\..\Firmware\firmware.bin 
Z:\work\pmsm_pretest\software\Source\Project\MDK\ARMCC>if exist .\..\..\..\Project\MDK\ARMCC\Out\obj\*.hex (.\..\..\..\Bin\hex2bin.exe .\..\..\..\Project\MDK\ARMCC\Out\obj\*.hex ) 
hex2bin v1.0.1, Copyright (C) 1999 Jacques Pelletier
Lowest address = 00000000
Highest address = 00005707
Z:\work\pmsm_pretest\software\Source\Project\MDK\ARMCC>exit
After Build - User command #2: .\..\..\..\Scripts\copy_firmware.bat
Z:\work\pmsm_pretest\software\Source\Project\MDK\ARMCC>echo Z:\work\pmsm_pretest\software\Source\Project\MDK\ARMCC 
Z:\work\pmsm_pretest\software\Source\Project\MDK\ARMCC
Z:\work\pmsm_pretest\software\Source\Project\MDK\ARMCC>set ROOT_PATH=.\..\.. 
Z:\work\pmsm_pretest\software\Source\Project\MDK\ARMCC>set HEX_FILE=.\..\..\..\Project\MDK\ARMCC\Out\obj\*.hex 
Z:\work\pmsm_pretest\software\Source\Project\MDK\ARMCC>set BIN_FILE=.\..\..\..\Project\MDK\ARMCC\Out\obj\*.bin 
Z:\work\pmsm_pretest\software\Source\Project\MDK\ARMCC>set DST_DIR=.\..\..\..\Firmware\ 
Z:\work\pmsm_pretest\software\Source\Project\MDK\ARMCC>if exist .\..\..\..\Project\MDK\ARMCC\Out\obj\*.hex (XCOPY /Y /S /F .\..\..\..\Project\MDK\ARMCC\Out\obj\*.hex .\..\..\..\Firmware\ ) 
Z:\work\pmsm_pretest\software\Source\Project\MDK\ARMCC\Out\obj\STM32F103CB-PMSM.hex -> Z:\work\pmsm_pretest\software\Source\Firmware\STM32F103CB-PMSM.hex
复制了 1 个文件
Z:\work\pmsm_pretest\software\Source\Project\MDK\ARMCC>if exist .\..\..\..\Project\MDK\ARMCC\Out\obj\*.bin (XCOPY /Y /S /F .\..\..\..\Project\MDK\ARMCC\Out\obj\*.bin .\..\..\..\Firmware\ ) 
Z:\work\pmsm_pretest\software\Source\Project\MDK\ARMCC\Out\obj\STM32F103CB-PMSM.bin -> Z:\work\pmsm_pretest\software\Source\Firmware\STM32F103CB-PMSM.bin
复制了 1 个文件
Z:\work\pmsm_pretest\software\Source\Project\MDK\ARMCC>exit
".\Out\obj\STM32F103CB-PMSM.axf" - 0 Error(s), 0 Warning(s).

<h2>Software Packages used:</h2>

Package Vendor: ARM
                http://www.keil.com/pack/ARM.CMSIS.5.4.0.pack
                ARM.CMSIS.5.4.0
                CMSIS (Cortex Microcontroller Software Interface Standard)
   * Component: CORE Version: 5.1.2

Package Vendor: Keil
                http://www.keil.com/pack/Keil.STM32F1xx_DFP.2.3.0.pack
                Keil.STM32F1xx_DFP.2.3.0
                STMicroelectronics STM32F1 Series Device Support, Drivers and Examples

<h2>Collection of Component include folders:</h2>
  .\RTE\_PMSM
  C:\Keil_v5\ARM\PACK\ARM\CMSIS\5.4.0\CMSIS\Core\Include
  C:\Keil_v5\ARM\PACK\Keil\STM32F1xx_DFP\2.3.0\Device\Include

<h2>Collection of Component Files used:</h2>

   * Component: ARM::CMSIS:CORE:5.1.2
Build Time Elapsed:  00:00:29
</pre>
</body>
</html>
